Archive member included to satisfy reference by file (symbol)

/opt/st/stm32cubeide_1.0.2/plugins/com.st.stm32cube.ide.mcu.externaltools.gnu-tools-for-stm32.7-2018-q2-update.linux64_1.0.0.201904181610/tools/bin/../lib/gcc/arm-none-eabi/7.3.1/../../../../arm-none-eabi/lib/thumb/v7e-m/fpv4-sp/hard/libc_nano.a(lib_a-errno.o)
                              Src/syscalls.o (__errno)
/opt/st/stm32cubeide_1.0.2/plugins/com.st.stm32cube.ide.mcu.externaltools.gnu-tools-for-stm32.7-2018-q2-update.linux64_1.0.0.201904181610/tools/bin/../lib/gcc/arm-none-eabi/7.3.1/../../../../arm-none-eabi/lib/thumb/v7e-m/fpv4-sp/hard/libc_nano.a(lib_a-exit.o)
                              /opt/st/stm32cubeide_1.0.2/plugins/com.st.stm32cube.ide.mcu.externaltools.gnu-tools-for-stm32.7-2018-q2-update.linux64_1.0.0.201904181610/tools/bin/../lib/gcc/arm-none-eabi/7.3.1/../../../../arm-none-eabi/lib/thumb/v7e-m/fpv4-sp/hard/crt0.o (exit)
/opt/st/stm32cubeide_1.0.2/plugins/com.st.stm32cube.ide.mcu.externaltools.gnu-tools-for-stm32.7-2018-q2-update.linux64_1.0.0.201904181610/tools/bin/../lib/gcc/arm-none-eabi/7.3.1/../../../../arm-none-eabi/lib/thumb/v7e-m/fpv4-sp/hard/libc_nano.a(lib_a-impure.o)
                              /opt/st/stm32cubeide_1.0.2/plugins/com.st.stm32cube.ide.mcu.externaltools.gnu-tools-for-stm32.7-2018-q2-update.linux64_1.0.0.201904181610/tools/bin/../lib/gcc/arm-none-eabi/7.3.1/../../../../arm-none-eabi/lib/thumb/v7e-m/fpv4-sp/hard/libc_nano.a(lib_a-exit.o) (_global_impure_ptr)
/opt/st/stm32cubeide_1.0.2/plugins/com.st.stm32cube.ide.mcu.externaltools.gnu-tools-for-stm32.7-2018-q2-update.linux64_1.0.0.201904181610/tools/bin/../lib/gcc/arm-none-eabi/7.3.1/../../../../arm-none-eabi/lib/thumb/v7e-m/fpv4-sp/hard/libc_nano.a(lib_a-init.o)
                              /opt/st/stm32cubeide_1.0.2/plugins/com.st.stm32cube.ide.mcu.externaltools.gnu-tools-for-stm32.7-2018-q2-update.linux64_1.0.0.201904181610/tools/bin/../lib/gcc/arm-none-eabi/7.3.1/../../../../arm-none-eabi/lib/thumb/v7e-m/fpv4-sp/hard/crt0.o (__libc_init_array)
/opt/st/stm32cubeide_1.0.2/plugins/com.st.stm32cube.ide.mcu.externaltools.gnu-tools-for-stm32.7-2018-q2-update.linux64_1.0.0.201904181610/tools/bin/../lib/gcc/arm-none-eabi/7.3.1/../../../../arm-none-eabi/lib/thumb/v7e-m/fpv4-sp/hard/libc_nano.a(lib_a-memcpy-stub.o)
                              Middlewares/Third_Party/FreeRTOS/Source/queue.o (memcpy)
/opt/st/stm32cubeide_1.0.2/plugins/com.st.stm32cube.ide.mcu.externaltools.gnu-tools-for-stm32.7-2018-q2-update.linux64_1.0.0.201904181610/tools/bin/../lib/gcc/arm-none-eabi/7.3.1/../../../../arm-none-eabi/lib/thumb/v7e-m/fpv4-sp/hard/libc_nano.a(lib_a-memset.o)
                              /opt/st/stm32cubeide_1.0.2/plugins/com.st.stm32cube.ide.mcu.externaltools.gnu-tools-for-stm32.7-2018-q2-update.linux64_1.0.0.201904181610/tools/bin/../lib/gcc/arm-none-eabi/7.3.1/../../../../arm-none-eabi/lib/thumb/v7e-m/fpv4-sp/hard/crt0.o (memset)

Allocating common symbols
Common symbol       size              file

hUsbDeviceFS        0x224             Src/usb_device.o
defaultTaskHandle   0x4               Src/freertos.o
hadc2               0x54              Src/adc.o
uwTick              0x4               Drivers/STM32F3xx_HAL_Driver/Src/stm32f3xx_hal.o
xQueueRegistry      0x40              Middlewares/Third_Party/FreeRTOS/Source/queue.o
pFlash              0x20              Drivers/STM32F3xx_HAL_Driver/Src/stm32f3xx_hal_flash.o
UserRxBufferFS      0x3e8             Src/usbd_cdc_if.o
hcomp4              0x2c              Src/comp.o
UserTxBufferFS      0x3e8             Src/usbd_cdc_if.o
htim1               0x40              Src/stm32f3xx_hal_timebase_tim.o
hcomp2              0x2c              Src/comp.o
hcomp3              0x2c              Src/comp.o
htim2               0x40              Src/tim.o
motor               0x20              Src/motor_control.o
hpcd_USB_FS         0x3a8             Src/usbd_conf.o
USBD_StrDesc        0x200             Src/usbd_desc.o
config              0x2c              Src/motor_control.o

Discarded input sections

 .text          0x0000000000000000        0x0 /opt/st/stm32cubeide_1.0.2/plugins/com.st.stm32cube.ide.mcu.externaltools.gnu-tools-for-stm32.7-2018-q2-update.linux64_1.0.0.201904181610/tools/bin/../lib/gcc/arm-none-eabi/7.3.1/thumb/v7e-m/fpv4-sp/hard/crti.o
 .data          0x0000000000000000        0x0 /opt/st/stm32cubeide_1.0.2/plugins/com.st.stm32cube.ide.mcu.externaltools.gnu-tools-for-stm32.7-2018-q2-update.linux64_1.0.0.201904181610/tools/bin/../lib/gcc/arm-none-eabi/7.3.1/thumb/v7e-m/fpv4-sp/hard/crti.o
 .bss           0x0000000000000000        0x0 /opt/st/stm32cubeide_1.0.2/plugins/com.st.stm32cube.ide.mcu.externaltools.gnu-tools-for-stm32.7-2018-q2-update.linux64_1.0.0.201904181610/tools/bin/../lib/gcc/arm-none-eabi/7.3.1/thumb/v7e-m/fpv4-sp/hard/crti.o
[...]
Memory Configuration

Name             Origin             Length             Attributes
CCMRAM           0x0000000010000000 0x0000000000002000 xrw
RAM              0x0000000020000000 0x000000000000a000 xrw
FLASH            0x0000000008000000 0x0000000000040000 xr
*default*        0x0000000000000000 0xffffffffffffffff

Linker script and memory map

LOAD /opt/st/stm32cubeide_1.0.2/plugins/com.st.stm32cube.ide.mcu.externaltools.gnu-tools-for-stm32.7-2018-q2-update.linux64_1.0.0.201904181610/tools/bin/../lib/gcc/arm-none-eabi/7.3.1/thumb/v7e-m/fpv4-sp/hard/crti.o
LOAD /opt/st/stm32cubeide_1.0.2/plugins/com.st.stm32cube.ide.mcu.externaltools.gnu-tools-for-stm32.7-2018-q2-update.linux64_1.0.0.201904181610/tools/bin/../lib/gcc/arm-none-eabi/7.3.1/thumb/v7e-m/fpv4-sp/hard/crtbegin.o
LOAD /opt/st/stm32cubeide_1.0.2/plugins/com.st.stm32cube.ide.mcu.externaltools.gnu-tools-for-stm32.7-2018-q2-update.linux64_1.0.0.201904181610/tools/bin/../lib/gcc/arm-none-eabi/7.3.1/../../../../arm-none-eabi/lib/thumb/v7e-m/fpv4-sp/hard/crt0.o
LOAD Drivers/STM32F3xx_HAL_Driver/Src/stm32f3xx_hal.o
LOAD Drivers/STM32F3xx_HAL_Driver/Src/stm32f3xx_hal_adc.o
LOAD Drivers/STM32F3xx_HAL_Driver/Src/stm32f3xx_hal_adc_ex.o
LOAD Drivers/STM32F3xx_HAL_Driver/Src/stm32f3xx_hal_comp.o
LOAD Drivers/STM32F3xx_HAL_Driver/Src/stm32f3xx_hal_cortex.o
LOAD Drivers/STM32F3xx_HAL_Driver/Src/stm32f3xx_hal_dma.o
LOAD Drivers/STM32F3xx_HAL_Driver/Src/stm32f3xx_hal_flash.o
LOAD Drivers/STM32F3xx_HAL_Driver/Src/stm32f3xx_hal_flash_ex.o
LOAD Drivers/STM32F3xx_HAL_Driver/Src/stm32f3xx_hal_gpio.o
LOAD Drivers/STM32F3xx_HAL_Driver/Src/stm32f3xx_hal_i2c.o
LOAD Drivers/STM32F3xx_HAL_Driver/Src/stm32f3xx_hal_i2c_ex.o
LOAD Drivers/STM32F3xx_HAL_Driver/Src/stm32f3xx_hal_pcd.o
LOAD Drivers/STM32F3xx_HAL_Driver/Src/stm32f3xx_hal_pcd_ex.o
LOAD Drivers/STM32F3xx_HAL_Driver/Src/stm32f3xx_hal_pwr.o
LOAD Drivers/STM32F3xx_HAL_Driver/Src/stm32f3xx_hal_pwr_ex.o
LOAD Drivers/STM32F3xx_HAL_Driver/Src/stm32f3xx_hal_rcc.o
LOAD Drivers/STM32F3xx_HAL_Driver/Src/stm32f3xx_hal_rcc_ex.o
LOAD Drivers/STM32F3xx_HAL_Driver/Src/stm32f3xx_hal_tim.o
LOAD Drivers/STM32F3xx_HAL_Driver/Src/stm32f3xx_hal_tim_ex.o
LOAD Middlewares/ST/STM32_USB_Device_Library/Class/CDC/Src/usbd_cdc.o
LOAD Middlewares/ST/STM32_USB_Device_Library/Core/Src/usbd_core.o
LOAD Middlewares/ST/STM32_USB_Device_Library/Core/Src/usbd_ctlreq.o
LOAD Middlewares/ST/STM32_USB_Device_Library/Core/Src/usbd_ioreq.o
LOAD Middlewares/Third_Party/FreeRTOS/Source/CMSIS_RTOS/cmsis_os.o
LOAD Middlewares/Third_Party/FreeRTOS/Source/croutine.o
LOAD Middlewares/Third_Party/FreeRTOS/Source/event_groups.o
LOAD Middlewares/Third_Party/FreeRTOS/Source/list.o
LOAD Middlewares/Third_Party/FreeRTOS/Source/queue.o
LOAD Middlewares/Third_Party/FreeRTOS/Source/tasks.o
LOAD Middlewares/Third_Party/FreeRTOS/Source/timers.o
LOAD Middlewares/Third_Party/FreeRTOS/Source/portable/GCC/ARM_CM4F/port.o
LOAD Middlewares/Third_Party/FreeRTOS/Source/portable/MemMang/heap_4.o
LOAD Src/adc.o
LOAD Src/comp.o
LOAD Src/freertos.o
LOAD Src/gpio.o
LOAD Src/main.o
LOAD Src/motor_control.o
LOAD Src/stm32f3xx_hal_msp.o
LOAD Src/stm32f3xx_hal_timebase_tim.o
LOAD Src/stm32f3xx_it.o
LOAD Src/syscalls.o
LOAD Src/sysmem.o
LOAD Src/system_stm32f3xx.o
LOAD Src/tim.o
LOAD Src/usb_device.o
LOAD Src/usbd_cdc_if.o
LOAD Src/usbd_conf.o
LOAD Src/usbd_desc.o
LOAD Startup/startup_stm32f303vctx.o
START GROUP
LOAD /opt/st/stm32cubeide_1.0.2/plugins/com.st.stm32cube.ide.mcu.externaltools.gnu-tools-for-stm32.7-2018-q2-update.linux64_1.0.0.201904181610/tools/bin/../lib/gcc/arm-none-eabi/7.3.1/../../../../arm-none-eabi/lib/thumb/v7e-m/fpv4-sp/hard/libc_nano.a
LOAD /opt/st/stm32cubeide_1.0.2/plugins/com.st.stm32cube.ide.mcu.externaltools.gnu-tools-for-stm32.7-2018-q2-update.linux64_1.0.0.201904181610/tools/bin/../lib/gcc/arm-none-eabi/7.3.1/../../../../arm-none-eabi/lib/thumb/v7e-m/fpv4-sp/hard/libm.a
END GROUP
START GROUP
LOAD /opt/st/stm32cubeide_1.0.2/plugins/com.st.stm32cube.ide.mcu.externaltools.gnu-tools-for-stm32.7-2018-q2-update.linux64_1.0.0.201904181610/tools/bin/../lib/gcc/arm-none-eabi/7.3.1/thumb/v7e-m/fpv4-sp/hard/libgcc.a
LOAD /opt/st/stm32cubeide_1.0.2/plugins/com.st.stm32cube.ide.mcu.externaltools.gnu-tools-for-stm32.7-2018-q2-update.linux64_1.0.0.201904181610/tools/bin/../lib/gcc/arm-none-eabi/7.3.1/../../../../arm-none-eabi/lib/thumb/v7e-m/fpv4-sp/hard/libc_nano.a
END GROUP
START GROUP
LOAD /opt/st/stm32cubeide_1.0.2/plugins/com.st.stm32cube.ide.mcu.externaltools.gnu-tools-for-stm32.7-2018-q2-update.linux64_1.0.0.201904181610/tools/bin/../lib/gcc/arm-none-eabi/7.3.1/thumb/v7e-m/fpv4-sp/hard/libgcc.a
LOAD /opt/st/stm32cubeide_1.0.2/plugins/com.st.stm32cube.ide.mcu.externaltools.gnu-tools-for-stm32.7-2018-q2-update.linux64_1.0.0.201904181610/tools/bin/../lib/gcc/arm-none-eabi/7.3.1/../../../../arm-none-eabi/lib/thumb/v7e-m/fpv4-sp/hard/libc_nano.a
LOAD /opt/st/stm32cubeide_1.0.2/plugins/com.st.stm32cube.ide.mcu.externaltools.gnu-tools-for-stm32.7-2018-q2-update.linux64_1.0.0.201904181610/tools/bin/../lib/gcc/arm-none-eabi/7.3.1/../../../../arm-none-eabi/lib/thumb/v7e-m/fpv4-sp/hard/libnosys.a
END GROUP
START GROUP
LOAD /opt/st/stm32cubeide_1.0.2/plugins/com.st.stm32cube.ide.mcu.externaltools.gnu-tools-for-stm32.7-2018-q2-update.linux64_1.0.0.201904181610/tools/bin/../lib/gcc/arm-none-eabi/7.3.1/thumb/v7e-m/fpv4-sp/hard/libgcc.a
LOAD /opt/st/stm32cubeide_1.0.2/plugins/com.st.stm32cube.ide.mcu.externaltools.gnu-tools-for-stm32.7-2018-q2-update.linux64_1.0.0.201904181610/tools/bin/../lib/gcc/arm-none-eabi/7.3.1/../../../../arm-none-eabi/lib/thumb/v7e-m/fpv4-sp/hard/libc_nano.a
LOAD /opt/st/stm32cubeide_1.0.2/plugins/com.st.stm32cube.ide.mcu.externaltools.gnu-tools-for-stm32.7-2018-q2-update.linux64_1.0.0.201904181610/tools/bin/../lib/gcc/arm-none-eabi/7.3.1/../../../../arm-none-eabi/lib/thumb/v7e-m/fpv4-sp/hard/libnosys.a
END GROUP
LOAD /opt/st/stm32cubeide_1.0.2/plugins/com.st.stm32cube.ide.mcu.externaltools.gnu-tools-for-stm32.7-2018-q2-update.linux64_1.0.0.201904181610/tools/bin/../lib/gcc/arm-none-eabi/7.3.1/thumb/v7e-m/fpv4-sp/hard/crtend.o
LOAD /opt/st/stm32cubeide_1.0.2/plugins/com.st.stm32cube.ide.mcu.externaltools.gnu-tools-for-stm32.7-2018-q2-update.linux64_1.0.0.201904181610/tools/bin/../lib/gcc/arm-none-eabi/7.3.1/thumb/v7e-m/fpv4-sp/hard/crtn.o
                0x000000002000a000                _estack = 0x2000a000
                0x0000000000000200                _Min_Heap_Size = 0x200
                0x0000000000000400                _Min_Stack_Size = 0x400

.isr_vector     0x0000000008000000      0x188
                0x0000000008000000                . = ALIGN (0x4)
 *(.isr_vector)
 .isr_vector    0x0000000008000000      0x188 Startup/startup_stm32f303vctx.o
                0x0000000008000000                g_pfnVectors
                0x0000000008000188                . = ALIGN (0x4)

.text           0x0000000008000190     0x9be4
                0x0000000008000190                . = ALIGN (0x4)
 *(.text)
 .text          0x0000000008000190       0x40 /opt/st/stm32cubeide_1.0.2/plugins/com.st.stm32cube.ide.mcu.externaltools.gnu-tools-for-stm32.7-2018-q2-update.linux64_1.0.0.201904181610/tools/bin/../lib/gcc/arm-none-eabi/7.3.1/thumb/v7e-m/fpv4-sp/hard/crtbegin.o
 *(.text*)
 .text.HAL_Init
                0x00000000080001d0       0x2c Drivers/STM32F3xx_HAL_Driver/Src/stm32f3xx_hal.o
                0x00000000080001d0                HAL_Init
 .text.HAL_IncTick
                0x00000000080001fc       0x28 Drivers/STM32F3xx_HAL_Driver/Src/stm32f3xx_hal.o
                0x00000000080001fc                HAL_IncTick
 .text.HAL_GetTick
                0x0000000008000224       0x18 Drivers/STM32F3xx_HAL_Driver/Src/stm32f3xx_hal.o
                0x0000000008000224                HAL_GetTick
 .text.HAL_ADC_Init
                0x000000000800023c      0x3c0 Drivers/STM32F3xx_HAL_Driver/Src/stm32f3xx_hal_adc_ex.o
                0x000000000800023c                HAL_ADC_Init
 .text.HAL_ADC_ConfigChannel
                0x00000000080005fc      0x5d8 Drivers/STM32F3xx_HAL_Driver/Src/stm32f3xx_hal_adc_ex.o
                0x00000000080005fc                HAL_ADC_ConfigChannel
 .text.ADC_Disable
                0x0000000008000bd4       0xbe Drivers/STM32F3xx_HAL_Driver/Src/stm32f3xx_hal_adc_ex.o
 *fill*         0x0000000008000c92        0x2 
 .text.HAL_COMP_Init
                0x0000000008000c94      0x100 Drivers/STM32F3xx_HAL_Driver/Src/stm32f3xx_hal_comp.o
                0x0000000008000c94                HAL_COMP_Init
 .text.HAL_COMP_Stop
                0x0000000008000d94      0x190 Drivers/STM32F3xx_HAL_Driver/Src/stm32f3xx_hal_comp.o
                0x0000000008000d94                HAL_COMP_Stop
 .text.HAL_COMP_Start_IT
                0x0000000008000f24      0x1e8 Drivers/STM32F3xx_HAL_Driver/Src/stm32f3xx_hal_comp.o
                0x0000000008000f24                HAL_COMP_Start_IT
 .text.HAL_COMP_Stop_IT
                0x000000000800110c      0x14c Drivers/STM32F3xx_HAL_Driver/Src/stm32f3xx_hal_comp.o
                0x000000000800110c                HAL_COMP_Stop_IT
 .text.HAL_COMP_IRQHandler
                0x0000000008001258       0xe0 Drivers/STM32F3xx_HAL_Driver/Src/stm32f3xx_hal_comp.o
                0x0000000008001258                HAL_COMP_IRQHandler
 .text.HAL_COMP_TriggerCallback
                0x0000000008001338       0x14 Drivers/STM32F3xx_HAL_Driver/Src/stm32f3xx_hal_comp.o
                0x0000000008001338                HAL_COMP_TriggerCallback
 .text.HAL_COMP_GetOutputLevel
                0x000000000800134c       0x32 Drivers/STM32F3xx_HAL_Driver/Src/stm32f3xx_hal_comp.o
                0x000000000800134c                HAL_COMP_GetOutputLevel
 *fill*         0x000000000800137e        0x2 
 .text.NVIC_SetPriorityGrouping
                0x0000000008001380       0x48 Drivers/STM32F3xx_HAL_Driver/Src/stm32f3xx_hal_cortex.o
 .text.NVIC_GetPriorityGrouping
                0x00000000080013c8       0x1c Drivers/STM32F3xx_HAL_Driver/Src/stm32f3xx_hal_cortex.o
 .text.NVIC_EnableIRQ
                0x00000000080013e4       0x34 Drivers/STM32F3xx_HAL_Driver/Src/stm32f3xx_hal_cortex.o
 .text.NVIC_SetPriority
                0x0000000008001418       0x54 Drivers/STM32F3xx_HAL_Driver/Src/stm32f3xx_hal_cortex.o
 .text.NVIC_EncodePriority
                0x000000000800146c       0x66 Drivers/STM32F3xx_HAL_Driver/Src/stm32f3xx_hal_cortex.o
 .text.HAL_NVIC_SetPriorityGrouping
                0x00000000080014d2       0x16 Drivers/STM32F3xx_HAL_Driver/Src/stm32f3xx_hal_cortex.o
                0x00000000080014d2                HAL_NVIC_SetPriorityGrouping
 .text.HAL_NVIC_SetPriority
                0x00000000080014e8       0x38 Drivers/STM32F3xx_HAL_Driver/Src/stm32f3xx_hal_cortex.o
                0x00000000080014e8                HAL_NVIC_SetPriority
 .text.HAL_NVIC_EnableIRQ
                0x0000000008001520       0x1c Drivers/STM32F3xx_HAL_Driver/Src/stm32f3xx_hal_cortex.o
                0x0000000008001520                HAL_NVIC_EnableIRQ
 .text.HAL_GPIO_Init
                0x000000000800153c      0x2fc Drivers/STM32F3xx_HAL_Driver/Src/stm32f3xx_hal_gpio.o
                0x000000000800153c                HAL_GPIO_Init
 .text.HAL_GPIO_WritePin
                0x0000000008001838       0x30 Drivers/STM32F3xx_HAL_Driver/Src/stm32f3xx_hal_gpio.o
                0x0000000008001838                HAL_GPIO_WritePin
 .text.HAL_PCD_Init
                0x0000000008001868      0x1c0 Drivers/STM32F3xx_HAL_Driver/Src/stm32f3xx_hal_pcd.o
                0x0000000008001868                HAL_PCD_Init
 .text.HAL_PCD_Start
                0x0000000008001a28       0x1a Drivers/STM32F3xx_HAL_Driver/Src/stm32f3xx_hal_pcd.o
                0x0000000008001a28                HAL_PCD_Start
 *fill*         0x0000000008001a42        0x2 
 .text.PCD_EP_ISR_Handler
                0x0000000008001a44      0x654 Drivers/STM32F3xx_HAL_Driver/Src/stm32f3xx_hal_pcd.o
 .text.HAL_PCD_IRQHandler
                0x0000000008002098      0x19e Drivers/STM32F3xx_HAL_Driver/Src/stm32f3xx_hal_pcd.o
                0x0000000008002098                HAL_PCD_IRQHandler
 .text.HAL_PCD_SetAddress
                0x0000000008002236       0x52 Drivers/STM32F3xx_HAL_Driver/Src/stm32f3xx_hal_pcd.o
                0x0000000008002236                HAL_PCD_SetAddress
 .text.HAL_PCD_EP_Open
                0x0000000008002288      0x6f8 Drivers/STM32F3xx_HAL_Driver/Src/stm32f3xx_hal_pcd.o
                0x0000000008002288                HAL_PCD_EP_Open
 .text.HAL_PCD_EP_Close
                0x0000000008002980      0x410 Drivers/STM32F3xx_HAL_Driver/Src/stm32f3xx_hal_pcd.o
                0x0000000008002980                HAL_PCD_EP_Close
 .text.HAL_PCD_EP_Receive
                0x0000000008002d90      0x200 Drivers/STM32F3xx_HAL_Driver/Src/stm32f3xx_hal_pcd.o
                0x0000000008002d90                HAL_PCD_EP_Receive
 .text.HAL_PCD_EP_GetRxCount
                0x0000000008002f90       0x32 Drivers/STM32F3xx_HAL_Driver/Src/stm32f3xx_hal_pcd.o
                0x0000000008002f90                HAL_PCD_EP_GetRxCount
 *fill*         0x0000000008002fc2        0x2 
 .text.HAL_PCD_EP_Transmit
                0x0000000008002fc4      0x1c4 Drivers/STM32F3xx_HAL_Driver/Src/stm32f3xx_hal_pcd.o
                0x0000000008002fc4                HAL_PCD_EP_Transmit
 .text.HAL_PCD_EP_SetStall
                0x0000000008003188      0x150 Drivers/STM32F3xx_HAL_Driver/Src/stm32f3xx_hal_pcd.o
                0x0000000008003188                HAL_PCD_EP_SetStall
 .text.HAL_PCD_EP_ClrStall
                0x00000000080032d8      0x1b4 Drivers/STM32F3xx_HAL_Driver/Src/stm32f3xx_hal_pcd.o
                0x00000000080032d8                HAL_PCD_EP_ClrStall
 .text.HAL_PCDEx_PMAConfig
                0x000000000800348c       0x88 Drivers/STM32F3xx_HAL_Driver/Src/stm32f3xx_hal_pcd_ex.o
                0x000000000800348c                HAL_PCDEx_PMAConfig
 .text.PCD_WritePMA
                0x0000000008003514       0x82 Drivers/STM32F3xx_HAL_Driver/Src/stm32f3xx_hal_pcd_ex.o
                0x0000000008003514                PCD_WritePMA
 .text.PCD_ReadPMA
                0x0000000008003596       0x98 Drivers/STM32F3xx_HAL_Driver/Src/stm32f3xx_hal_pcd_ex.o
                0x0000000008003596                PCD_ReadPMA
 *fill*         0x000000000800362e        0x2 
 .text.HAL_RCC_OscConfig
                0x0000000008003630      0xddc Drivers/STM32F3xx_HAL_Driver/Src/stm32f3xx_hal_rcc.o
                0x0000000008003630                HAL_RCC_OscConfig
 .text.HAL_RCC_ClockConfig
                0x000000000800440c      0x2f8 Drivers/STM32F3xx_HAL_Driver/Src/stm32f3xx_hal_rcc.o
                0x000000000800440c                HAL_RCC_ClockConfig
 .text.HAL_RCC_GetSysClockFreq
                0x0000000008004704       0xd4 Drivers/STM32F3xx_HAL_Driver/Src/stm32f3xx_hal_rcc.o
                0x0000000008004704                HAL_RCC_GetSysClockFreq
 .text.HAL_RCC_GetHCLKFreq
                0x00000000080047d8       0x18 Drivers/STM32F3xx_HAL_Driver/Src/stm32f3xx_hal_rcc.o
                0x00000000080047d8                HAL_RCC_GetHCLKFreq
 .text.HAL_RCC_GetPCLK2Freq
                0x00000000080047f0       0x44 Drivers/STM32F3xx_HAL_Driver/Src/stm32f3xx_hal_rcc.o
                0x00000000080047f0                HAL_RCC_GetPCLK2Freq
 .text.HAL_RCC_GetClockConfig
                0x0000000008004834       0x64 Drivers/STM32F3xx_HAL_Driver/Src/stm32f3xx_hal_rcc.o
                0x0000000008004834                HAL_RCC_GetClockConfig
 .text.HAL_RCCEx_PeriphCLKConfig
                0x0000000008004898      0x360 Drivers/STM32F3xx_HAL_Driver/Src/stm32f3xx_hal_rcc_ex.o
                0x0000000008004898                HAL_RCCEx_PeriphCLKConfig
 .text.HAL_TIM_Base_Init
                0x0000000008004bf8       0x56 Drivers/STM32F3xx_HAL_Driver/Src/stm32f3xx_hal_tim.o
                0x0000000008004bf8                HAL_TIM_Base_Init
 .text.HAL_TIM_Base_Start
                0x0000000008004c4e       0x36 Drivers/STM32F3xx_HAL_Driver/Src/stm32f3xx_hal_tim.o
                0x0000000008004c4e                HAL_TIM_Base_Start
 .text.HAL_TIM_Base_Start_IT
                0x0000000008004c84       0x36 Drivers/STM32F3xx_HAL_Driver/Src/stm32f3xx_hal_tim.o
                0x0000000008004c84                HAL_TIM_Base_Start_IT
 .text.HAL_TIM_PWM_Init
                0x0000000008004cba       0x56 Drivers/STM32F3xx_HAL_Driver/Src/stm32f3xx_hal_tim.o
                0x0000000008004cba                HAL_TIM_PWM_Init
 .text.HAL_TIM_PWM_MspInit
                0x0000000008004d10       0x14 Drivers/STM32F3xx_HAL_Driver/Src/stm32f3xx_hal_tim.o
                0x0000000008004d10                HAL_TIM_PWM_MspInit
 .text.HAL_TIM_PWM_Start
                0x0000000008004d24       0x94 Drivers/STM32F3xx_HAL_Driver/Src/stm32f3xx_hal_tim.o
                0x0000000008004d24                HAL_TIM_PWM_Start
 .text.HAL_TIM_IRQHandler
                0x0000000008004db8      0x23e Drivers/STM32F3xx_HAL_Driver/Src/stm32f3xx_hal_tim.o
                0x0000000008004db8                HAL_TIM_IRQHandler
 .text.HAL_TIM_ConfigClockSource
                0x0000000008004ff6      0x1c4 Drivers/STM32F3xx_HAL_Driver/Src/stm32f3xx_hal_tim.o
                0x0000000008004ff6                HAL_TIM_ConfigClockSource
 .text.HAL_TIM_OC_DelayElapsedCallback
                0x00000000080051ba       0x14 Drivers/STM32F3xx_HAL_Driver/Src/stm32f3xx_hal_tim.o
                0x00000000080051ba                HAL_TIM_OC_DelayElapsedCallback
 .text.HAL_TIM_IC_CaptureCallback
                0x00000000080051ce       0x14 Drivers/STM32F3xx_HAL_Driver/Src/stm32f3xx_hal_tim.o
                0x00000000080051ce                HAL_TIM_IC_CaptureCallback
 .text.HAL_TIM_PWM_PulseFinishedCallback
                0x00000000080051e2       0x14 Drivers/STM32F3xx_HAL_Driver/Src/stm32f3xx_hal_tim.o
                0x00000000080051e2                HAL_TIM_PWM_PulseFinishedCallback
 .text.HAL_TIM_TriggerCallback
                0x00000000080051f6       0x14 Drivers/STM32F3xx_HAL_Driver/Src/stm32f3xx_hal_tim.o
                0x00000000080051f6                HAL_TIM_TriggerCallback
 *fill*         0x000000000800520a        0x2 
 .text.TIM_Base_SetConfig
                0x000000000800520c      0x124 Drivers/STM32F3xx_HAL_Driver/Src/stm32f3xx_hal_tim.o
                0x000000000800520c                TIM_Base_SetConfig
 .text.TIM_OC1_SetConfig
                0x0000000008005330      0x12c Drivers/STM32F3xx_HAL_Driver/Src/stm32f3xx_hal_tim.o
                0x0000000008005330                TIM_OC1_SetConfig
 .text.TIM_OC2_SetConfig
                0x000000000800545c      0x120 Drivers/STM32F3xx_HAL_Driver/Src/stm32f3xx_hal_tim.o
                0x000000000800545c                TIM_OC2_SetConfig
 .text.TIM_OC3_SetConfig
                0x000000000800557c      0x11c Drivers/STM32F3xx_HAL_Driver/Src/stm32f3xx_hal_tim.o
                0x000000000800557c                TIM_OC3_SetConfig
 .text.TIM_OC4_SetConfig
                0x0000000008005698       0xe0 Drivers/STM32F3xx_HAL_Driver/Src/stm32f3xx_hal_tim.o
                0x0000000008005698                TIM_OC4_SetConfig
 .text.TIM_TI1_ConfigInputStage
                0x0000000008005778       0x66 Drivers/STM32F3xx_HAL_Driver/Src/stm32f3xx_hal_tim.o
 .text.TIM_TI2_ConfigInputStage
                0x00000000080057de       0x68 Drivers/STM32F3xx_HAL_Driver/Src/stm32f3xx_hal_tim.o
 .text.TIM_ITRx_SetConfig
                0x0000000008005846       0x40 Drivers/STM32F3xx_HAL_Driver/Src/stm32f3xx_hal_tim.o
 .text.TIM_ETR_SetConfig
                0x0000000008005886       0x44 Drivers/STM32F3xx_HAL_Driver/Src/stm32f3xx_hal_tim.o
                0x0000000008005886                TIM_ETR_SetConfig
 .text.TIM_CCxChannelCmd
                0x00000000080058ca       0x46 Drivers/STM32F3xx_HAL_Driver/Src/stm32f3xx_hal_tim.o
                0x00000000080058ca                TIM_CCxChannelCmd
 .text.HAL_TIM_PWM_ConfigChannel
                0x0000000008005910      0x230 Drivers/STM32F3xx_HAL_Driver/Src/stm32f3xx_hal_tim_ex.o
                0x0000000008005910                HAL_TIM_PWM_ConfigChannel
 .text.HAL_TIMEx_MasterConfigSynchronization
                0x0000000008005b40       0xa8 Drivers/STM32F3xx_HAL_Driver/Src/stm32f3xx_hal_tim_ex.o
                0x0000000008005b40                HAL_TIMEx_MasterConfigSynchronization
 .text.HAL_TIMEx_CommutationCallback
                0x0000000008005be8       0x14 Drivers/STM32F3xx_HAL_Driver/Src/stm32f3xx_hal_tim_ex.o
                0x0000000008005be8                HAL_TIMEx_CommutationCallback
 .text.HAL_TIMEx_BreakCallback
                0x0000000008005bfc       0x14 Drivers/STM32F3xx_HAL_Driver/Src/stm32f3xx_hal_tim_ex.o
                0x0000000008005bfc                HAL_TIMEx_BreakCallback
 .text.HAL_TIMEx_Break2Callback
                0x0000000008005c10       0x14 Drivers/STM32F3xx_HAL_Driver/Src/stm32f3xx_hal_tim_ex.o
                0x0000000008005c10                HAL_TIMEx_Break2Callback
 .text.TIM_OC5_SetConfig
                0x0000000008005c24       0xd4 Drivers/STM32F3xx_HAL_Driver/Src/stm32f3xx_hal_tim_ex.o
 .text.TIM_OC6_SetConfig
                0x0000000008005cf8       0xd8 Drivers/STM32F3xx_HAL_Driver/Src/stm32f3xx_hal_tim_ex.o
 .text.USBD_CDC_Init
                0x0000000008005dd0       0xd2 Middlewares/ST/STM32_USB_Device_Library/Class/CDC/Src/usbd_cdc.o
 .text.USBD_CDC_DeInit
                0x0000000008005ea2       0x5a Middlewares/ST/STM32_USB_Device_Library/Class/CDC/Src/usbd_cdc.o
 .text.USBD_CDC_Setup
                0x0000000008005efc       0xbc Middlewares/ST/STM32_USB_Device_Library/Class/CDC/Src/usbd_cdc.o
 .text.USBD_CDC_DataIn
                0x0000000008005fb8       0x38 Middlewares/ST/STM32_USB_Device_Library/Class/CDC/Src/usbd_cdc.o
 .text.USBD_CDC_DataOut
                0x0000000008005ff0       0x56 Middlewares/ST/STM32_USB_Device_Library/Class/CDC/Src/usbd_cdc.o
 .text.USBD_CDC_EP0_RxReady
                0x0000000008006046       0x50 Middlewares/ST/STM32_USB_Device_Library/Class/CDC/Src/usbd_cdc.o
 *fill*         0x0000000008006096        0x2 
 .text.USBD_CDC_GetFSCfgDesc
                0x0000000008006098       0x20 Middlewares/ST/STM32_USB_Device_Library/Class/CDC/Src/usbd_cdc.o
 .text.USBD_CDC_GetHSCfgDesc
                0x00000000080060b8       0x20 Middlewares/ST/STM32_USB_Device_Library/Class/CDC/Src/usbd_cdc.o
 .text.USBD_CDC_GetOtherSpeedCfgDesc
                0x00000000080060d8       0x20 Middlewares/ST/STM32_USB_Device_Library/Class/CDC/Src/usbd_cdc.o
 .text.USBD_CDC_GetDeviceQualifierDescriptor
                0x00000000080060f8       0x20 Middlewares/ST/STM32_USB_Device_Library/Class/CDC/Src/usbd_cdc.o
                0x00000000080060f8                USBD_CDC_GetDeviceQualifierDescriptor
 .text.USBD_CDC_RegisterInterface
                0x0000000008006118       0x2e Middlewares/ST/STM32_USB_Device_Library/Class/CDC/Src/usbd_cdc.o
                0x0000000008006118                USBD_CDC_RegisterInterface
 .text.USBD_CDC_SetTxBuffer
                0x0000000008006146       0x34 Middlewares/ST/STM32_USB_Device_Library/Class/CDC/Src/usbd_cdc.o
                0x0000000008006146                USBD_CDC_SetTxBuffer
 .text.USBD_CDC_SetRxBuffer
                0x000000000800617a       0x28 Middlewares/ST/STM32_USB_Device_Library/Class/CDC/Src/usbd_cdc.o
                0x000000000800617a                USBD_CDC_SetRxBuffer
 .text.USBD_CDC_ReceivePacket
                0x00000000080061a2       0x54 Middlewares/ST/STM32_USB_Device_Library/Class/CDC/Src/usbd_cdc.o
                0x00000000080061a2                USBD_CDC_ReceivePacket
 .text.USBD_Init
                0x00000000080061f6       0x56 Middlewares/ST/STM32_USB_Device_Library/Core/Src/usbd_core.o
                0x00000000080061f6                USBD_Init
 .text.USBD_RegisterClass
                0x000000000800624c       0x34 Middlewares/ST/STM32_USB_Device_Library/Core/Src/usbd_core.o
                0x000000000800624c                USBD_RegisterClass
 .text.USBD_Start
                0x0000000008006280       0x18 Middlewares/ST/STM32_USB_Device_Library/Core/Src/usbd_core.o
                0x0000000008006280                USBD_Start
 .text.USBD_RunTestMode
                0x0000000008006298       0x16 Middlewares/ST/STM32_USB_Device_Library/Core/Src/usbd_core.o
                0x0000000008006298                USBD_RunTestMode
 .text.USBD_SetClassConfig
                0x00000000080062ae       0x3e Middlewares/ST/STM32_USB_Device_Library/Core/Src/usbd_core.o
                0x00000000080062ae                USBD_SetClassConfig
 .text.USBD_ClrClassConfig
                0x00000000080062ec       0x26 Middlewares/ST/STM32_USB_Device_Library/Core/Src/usbd_core.o
                0x00000000080062ec                USBD_ClrClassConfig
 .text.USBD_LL_SetupStage
                0x0000000008006312       0x94 Middlewares/ST/STM32_USB_Device_Library/Core/Src/usbd_core.o
                0x0000000008006312                USBD_LL_SetupStage
 .text.USBD_LL_DataOutStage
                0x00000000080063a6       0xb6 Middlewares/ST/STM32_USB_Device_Library/Core/Src/usbd_core.o
                0x00000000080063a6                USBD_LL_DataOutStage
 .text.USBD_LL_DataInStage
                0x000000000800645c      0x11e Middlewares/ST/STM32_USB_Device_Library/Core/Src/usbd_core.o
                0x000000000800645c                USBD_LL_DataInStage
 .text.USBD_LL_Reset
                0x000000000800657a       0x5e Middlewares/ST/STM32_USB_Device_Library/Core/Src/usbd_core.o
                0x000000000800657a                USBD_LL_Reset
 .text.USBD_LL_SetSpeed
                0x00000000080065d8       0x20 Middlewares/ST/STM32_USB_Device_Library/Core/Src/usbd_core.o
                0x00000000080065d8                USBD_LL_SetSpeed
 .text.USBD_LL_Suspend
                0x00000000080065f8       0x2a Middlewares/ST/STM32_USB_Device_Library/Core/Src/usbd_core.o
                0x00000000080065f8                USBD_LL_Suspend
 .text.USBD_LL_Resume
                0x0000000008006622       0x22 Middlewares/ST/STM32_USB_Device_Library/Core/Src/usbd_core.o
                0x0000000008006622                USBD_LL_Resume
 .text.USBD_LL_SOF
                0x0000000008006644       0x34 Middlewares/ST/STM32_USB_Device_Library/Core/Src/usbd_core.o
                0x0000000008006644                USBD_LL_SOF
 .text.USBD_StdDevReq
                0x0000000008006678       0xa0 Middlewares/ST/STM32_USB_Device_Library/Core/Src/usbd_ctlreq.o
                0x0000000008006678                USBD_StdDevReq
 .text.USBD_StdItfReq
                0x0000000008006718       0x66 Middlewares/ST/STM32_USB_Device_Library/Core/Src/usbd_ctlreq.o
                0x0000000008006718                USBD_StdItfReq
 .text.USBD_StdEPReq
                0x000000000800677e      0x1b0 Middlewares/ST/STM32_USB_Device_Library/Core/Src/usbd_ctlreq.o
                0x000000000800677e                USBD_StdEPReq
 *fill*         0x000000000800692e        0x2 
 .text.USBD_GetDescriptor
                0x0000000008006930      0x1e8 Middlewares/ST/STM32_USB_Device_Library/Core/Src/usbd_ctlreq.o
 .text.USBD_SetAddress
                0x0000000008006b18       0x7c Middlewares/ST/STM32_USB_Device_Library/Core/Src/usbd_ctlreq.o
 .text.USBD_SetConfig
                0x0000000008006b94      0x110 Middlewares/ST/STM32_USB_Device_Library/Core/Src/usbd_ctlreq.o
 .text.USBD_GetConfig
                0x0000000008006ca4       0x64 Middlewares/ST/STM32_USB_Device_Library/Core/Src/usbd_ctlreq.o
 .text.USBD_GetStatus
                0x0000000008006d08       0x54 Middlewares/ST/STM32_USB_Device_Library/Core/Src/usbd_ctlreq.o
 .text.USBD_SetFeature
                0x0000000008006d5c       0x36 Middlewares/ST/STM32_USB_Device_Library/Core/Src/usbd_ctlreq.o
 .text.USBD_ClrFeature
                0x0000000008006d92       0x50 Middlewares/ST/STM32_USB_Device_Library/Core/Src/usbd_ctlreq.o
 .text.USBD_ParseSetupRequest
                0x0000000008006de2       0x7a Middlewares/ST/STM32_USB_Device_Library/Core/Src/usbd_ctlreq.o
                0x0000000008006de2                USBD_ParseSetupRequest
 .text.USBD_CtlError
                0x0000000008006e5c       0x22 Middlewares/ST/STM32_USB_Device_Library/Core/Src/usbd_ctlreq.o
                0x0000000008006e5c                USBD_CtlError
 .text.USBD_GetString
                0x0000000008006e7e       0x86 Middlewares/ST/STM32_USB_Device_Library/Core/Src/usbd_ctlreq.o
                0x0000000008006e7e                USBD_GetString
 .text.USBD_GetLen
                0x0000000008006f04       0x30 Middlewares/ST/STM32_USB_Device_Library/Core/Src/usbd_ctlreq.o
 .text.USBD_CtlSendData
                0x0000000008006f34       0x38 Middlewares/ST/STM32_USB_Device_Library/Core/Src/usbd_ioreq.o
                0x0000000008006f34                USBD_CtlSendData
 .text.USBD_CtlContinueSendData
                0x0000000008006f6c       0x24 Middlewares/ST/STM32_USB_Device_Library/Core/Src/usbd_ioreq.o
                0x0000000008006f6c                USBD_CtlContinueSendData
 .text.USBD_CtlPrepareRx
                0x0000000008006f90       0x3c Middlewares/ST/STM32_USB_Device_Library/Core/Src/usbd_ioreq.o
                0x0000000008006f90                USBD_CtlPrepareRx
 .text.USBD_CtlContinueRx
                0x0000000008006fcc       0x24 Middlewares/ST/STM32_USB_Device_Library/Core/Src/usbd_ioreq.o
                0x0000000008006fcc                USBD_CtlContinueRx
 .text.USBD_CtlSendStatus
                0x0000000008006ff0       0x26 Middlewares/ST/STM32_USB_Device_Library/Core/Src/usbd_ioreq.o
                0x0000000008006ff0                USBD_CtlSendStatus
 .text.USBD_CtlReceiveStatus
                0x0000000008007016       0x26 Middlewares/ST/STM32_USB_Device_Library/Core/Src/usbd_ioreq.o
                0x0000000008007016                USBD_CtlReceiveStatus
 .text.makeFreeRtosPriority
                0x000000000800703c       0x30 Middlewares/Third_Party/FreeRTOS/Source/CMSIS_RTOS/cmsis_os.o
 .text.osKernelStart
                0x000000000800706c        0xe Middlewares/Third_Party/FreeRTOS/Source/CMSIS_RTOS/cmsis_os.o
                0x000000000800706c                osKernelStart
 .text.osThreadCreate
                0x000000000800707a       0x4e Middlewares/Third_Party/FreeRTOS/Source/CMSIS_RTOS/cmsis_os.o
                0x000000000800707a                osThreadCreate
 .text.osDelay  0x00000000080070c8       0x28 Middlewares/Third_Party/FreeRTOS/Source/CMSIS_RTOS/cmsis_os.o
                0x00000000080070c8                osDelay
 .text.vListInitialise
                0x00000000080070f0       0x40 Middlewares/Third_Party/FreeRTOS/Source/list.o
                0x00000000080070f0                vListInitialise
 .text.vListInitialiseItem
                0x0000000008007130       0x1a Middlewares/Third_Party/FreeRTOS/Source/list.o
                0x0000000008007130                vListInitialiseItem
 .text.vListInsertEnd
                0x000000000800714a       0x48 Middlewares/Third_Party/FreeRTOS/Source/list.o
                0x000000000800714a                vListInsertEnd
 .text.vListInsert
                0x0000000008007192       0x72 Middlewares/Third_Party/FreeRTOS/Source/list.o
                0x0000000008007192                vListInsert
 .text.uxListRemove
                0x0000000008007204       0x54 Middlewares/Third_Party/FreeRTOS/Source/list.o
                0x0000000008007204                uxListRemove
 .text.xTaskCreate
                0x0000000008007258       0x82 Middlewares/Third_Party/FreeRTOS/Source/tasks.o
                0x0000000008007258                xTaskCreate
 .text.prvInitialiseNewTask
                0x00000000080072da       0xfc Middlewares/Third_Party/FreeRTOS/Source/tasks.o
 *fill*         0x00000000080073d6        0x2 
 .text.prvAddNewTaskToReadyList
                0x00000000080073d8       0xd4 Middlewares/Third_Party/FreeRTOS/Source/tasks.o
 .text.vTaskDelay
                0x00000000080074ac       0x68 Middlewares/Third_Party/FreeRTOS/Source/tasks.o
                0x00000000080074ac                vTaskDelay
 .text.vTaskStartScheduler
                0x0000000008007514       0x8c Middlewares/Third_Party/FreeRTOS/Source/tasks.o
                0x0000000008007514                vTaskStartScheduler
 .text.vTaskSuspendAll
                0x00000000080075a0       0x1c Middlewares/Third_Party/FreeRTOS/Source/tasks.o
                0x00000000080075a0                vTaskSuspendAll
 .text.xTaskResumeAll
                0x00000000080075bc      0x138 Middlewares/Third_Party/FreeRTOS/Source/tasks.o
                0x00000000080075bc                xTaskResumeAll
 .text.xTaskIncrementTick
                0x00000000080076f4      0x178 Middlewares/Third_Party/FreeRTOS/Source/tasks.o
                0x00000000080076f4                xTaskIncrementTick
 .text.vTaskSwitchContext
                0x000000000800786c       0xb4 Middlewares/Third_Party/FreeRTOS/Source/tasks.o
                0x000000000800786c                vTaskSwitchContext
 .text.prvIdleTask
                0x0000000008007920       0x30 Middlewares/Third_Party/FreeRTOS/Source/tasks.o
 .text.prvInitialiseTaskLists
                0x0000000008007950       0x80 Middlewares/Third_Party/FreeRTOS/Source/tasks.o
 .text.prvCheckTasksWaitingTermination
                0x00000000080079d0       0x78 Middlewares/Third_Party/FreeRTOS/Source/tasks.o
 .text.prvDeleteTCB
                0x0000000008007a48       0x20 Middlewares/Third_Party/FreeRTOS/Source/tasks.o
 .text.prvResetNextTaskUnblockTime
                0x0000000008007a68       0x4c Middlewares/Third_Party/FreeRTOS/Source/tasks.o
 .text.prvAddCurrentTaskToDelayedList
                0x0000000008007ab4       0xcc Middlewares/Third_Party/FreeRTOS/Source/tasks.o
 .text.pxPortInitialiseStack
                0x0000000008007b80       0x68 Middlewares/Third_Party/FreeRTOS/Source/portable/GCC/ARM_CM4F/port.o
                0x0000000008007b80                pxPortInitialiseStack
 .text.prvTaskExitError
                0x0000000008007be8       0x3c Middlewares/Third_Party/FreeRTOS/Source/portable/GCC/ARM_CM4F/port.o
 *fill*         0x0000000008007c24        0xc 
 .text.SVC_Handler
                0x0000000008007c30       0x28 Middlewares/Third_Party/FreeRTOS/Source/portable/GCC/ARM_CM4F/port.o
                0x0000000008007c30                SVC_Handler
 .text.prvPortStartFirstTask
                0x0000000008007c58       0x20 Middlewares/Third_Party/FreeRTOS/Source/portable/GCC/ARM_CM4F/port.o
 .text.xPortStartScheduler
                0x0000000008007c78      0x118 Middlewares/Third_Party/FreeRTOS/Source/portable/GCC/ARM_CM4F/port.o
                0x0000000008007c78                xPortStartScheduler
 .text.vPortEnterCritical
                0x0000000008007d90       0x5c Middlewares/Third_Party/FreeRTOS/Source/portable/GCC/ARM_CM4F/port.o
                0x0000000008007d90                vPortEnterCritical
 .text.vPortExitCritical
                0x0000000008007dec       0x50 Middlewares/Third_Party/FreeRTOS/Source/portable/GCC/ARM_CM4F/port.o
                0x0000000008007dec                vPortExitCritical
 *fill*         0x0000000008007e3c        0x4 
 .text.PendSV_Handler
                0x0000000008007e40       0x68 Middlewares/Third_Party/FreeRTOS/Source/portable/GCC/ARM_CM4F/port.o
                0x0000000008007e40                PendSV_Handler
 .text.SysTick_Handler
                0x0000000008007ea8       0x40 Middlewares/Third_Party/FreeRTOS/Source/portable/GCC/ARM_CM4F/port.o
                0x0000000008007ea8                SysTick_Handler
 .text.vPortSetupTimerInterrupt
                0x0000000008007ee8       0x38 Middlewares/Third_Party/FreeRTOS/Source/portable/GCC/ARM_CM4F/port.o
                0x0000000008007ee8                vPortSetupTimerInterrupt
 .text.vPortEnableVFP
                0x0000000008007f20       0x14 Middlewares/Third_Party/FreeRTOS/Source/portable/GCC/ARM_CM4F/port.o
 .text.pvPortMalloc
                0x0000000008007f34      0x184 Middlewares/Third_Party/FreeRTOS/Source/portable/MemMang/heap_4.o
                0x0000000008007f34                pvPortMalloc
 .text.vPortFree
                0x00000000080080b8       0xb0 Middlewares/Third_Party/FreeRTOS/Source/portable/MemMang/heap_4.o
                0x00000000080080b8                vPortFree
 .text.prvHeapInit
                0x0000000008008168       0xc4 Middlewares/Third_Party/FreeRTOS/Source/portable/MemMang/heap_4.o
 .text.prvInsertBlockIntoFreeList
                0x000000000800822c       0xb4 Middlewares/Third_Party/FreeRTOS/Source/portable/MemMang/heap_4.o
 .text.MX_ADC2_Init
                0x00000000080082e0       0xb8 Src/adc.o
                0x00000000080082e0                MX_ADC2_Init
 .text.HAL_ADC_MspInit
                0x0000000008008398       0x7c Src/adc.o
                0x0000000008008398                HAL_ADC_MspInit
 .text.MX_COMP2_Init
                0x0000000008008414       0x60 Src/comp.o
                0x0000000008008414                MX_COMP2_Init
 .text.MX_COMP3_Init
                0x0000000008008474       0x60 Src/comp.o
                0x0000000008008474                MX_COMP3_Init
 .text.MX_COMP4_Init
                0x00000000080084d4       0x60 Src/comp.o
                0x00000000080084d4                MX_COMP4_Init
 .text.HAL_COMP_MspInit
                0x0000000008008534      0x11c Src/comp.o
                0x0000000008008534                HAL_COMP_MspInit
 .text.MX_FREERTOS_Init
                0x0000000008008650       0x34 Src/freertos.o
                0x0000000008008650                MX_FREERTOS_Init
 .text.StartDefaultTask
                0x0000000008008684       0xc0 Src/freertos.o
                0x0000000008008684                StartDefaultTask
 .text.MX_GPIO_Init
                0x0000000008008744       0xe8 Src/gpio.o
                0x0000000008008744                MX_GPIO_Init
 .text.main     0x000000000800882c       0x2e Src/main.o
                0x000000000800882c                main
 *fill*         0x000000000800885a        0x2 
 .text.SystemClock_Config
                0x000000000800885c       0xc0 Src/main.o
                0x000000000800885c                SystemClock_Config
 .text.HAL_TIM_PeriodElapsedCallback
                0x000000000800891c       0x24 Src/main.o
                0x000000000800891c                HAL_TIM_PeriodElapsedCallback
 .text.Error_Handler
                0x0000000008008940        0xe Src/main.o
                0x0000000008008940                Error_Handler
 *fill*         0x000000000800894e        0x2 
 .text.init_motor
                0x0000000008008950       0x84 Src/motor_control.o
                0x0000000008008950                init_motor
 .text.commutate
                0x00000000080089d4      0x1d0 Src/motor_control.o
                0x00000000080089d4                commutate
 .text.commutate_irq
                0x0000000008008ba4       0x28 Src/motor_control.o
                0x0000000008008ba4                commutate_irq
 .text.set_period
                0x0000000008008bcc       0xa0 Src/motor_control.o
                0x0000000008008bcc                set_period
 .text.set_low_side
                0x0000000008008c6c       0x24 Src/motor_control.o
                0x0000000008008c6c                set_low_side
 .text.set_motor_power
                0x0000000008008c90       0x20 Src/motor_control.o
                0x0000000008008c90                set_motor_power
 .text.turn_off
                0x0000000008008cb0      0x178 Src/motor_control.o
                0x0000000008008cb0                turn_off
 .text.switch_comparator
                0x0000000008008e28       0x9c Src/motor_control.o
                0x0000000008008e28                switch_comparator
 .text.debounce_comp
                0x0000000008008ec4       0x50 Src/motor_control.o
                0x0000000008008ec4                debounce_comp
 .text.HAL_MspInit
                0x0000000008008f14       0x50 Src/stm32f3xx_hal_msp.o
                0x0000000008008f14                HAL_MspInit
 .text.HAL_InitTick
                0x0000000008008f64       0xac Src/stm32f3xx_hal_timebase_tim.o
                0x0000000008008f64                HAL_InitTick
 .text.NMI_Handler
                0x0000000008009010        0xe Src/stm32f3xx_it.o
                0x0000000008009010                NMI_Handler
 .text.HardFault_Handler
                0x000000000800901e        0x6 Src/stm32f3xx_it.o
                0x000000000800901e                HardFault_Handler
 .text.MemManage_Handler
                0x0000000008009024        0x6 Src/stm32f3xx_it.o
                0x0000000008009024                MemManage_Handler
 .text.BusFault_Handler
                0x000000000800902a        0x6 Src/stm32f3xx_it.o
                0x000000000800902a                BusFault_Handler
 .text.UsageFault_Handler
                0x0000000008009030        0x6 Src/stm32f3xx_it.o
                0x0000000008009030                UsageFault_Handler
 .text.DebugMon_Handler
                0x0000000008009036        0xe Src/stm32f3xx_it.o
                0x0000000008009036                DebugMon_Handler
 .text.USB_LP_CAN_RX0_IRQHandler
                0x0000000008009044       0x14 Src/stm32f3xx_it.o
                0x0000000008009044                USB_LP_CAN_RX0_IRQHandler
 .text.TIM1_UP_TIM16_IRQHandler
                0x0000000008009058       0x14 Src/stm32f3xx_it.o
                0x0000000008009058                TIM1_UP_TIM16_IRQHandler
 .text.COMP1_2_3_IRQHandler
                0x000000000800906c       0x20 Src/stm32f3xx_it.o
                0x000000000800906c                COMP1_2_3_IRQHandler
 .text.COMP4_5_6_IRQHandler
                0x000000000800908c       0x18 Src/stm32f3xx_it.o
                0x000000000800908c                COMP4_5_6_IRQHandler
 .text.SystemInit
                0x00000000080090a4       0x94 Src/system_stm32f3xx.o
                0x00000000080090a4                SystemInit
 .text.MX_TIM2_Init
                0x0000000008009138      0x118 Src/tim.o
                0x0000000008009138                MX_TIM2_Init
 .text.HAL_TIM_Base_MspInit
                0x0000000008009250       0x3c Src/tim.o
                0x0000000008009250                HAL_TIM_Base_MspInit
 .text.HAL_TIM_MspPostInit
                0x000000000800928c       0xe4 Src/tim.o
                0x000000000800928c                HAL_TIM_MspPostInit
 .text.MX_USB_DEVICE_Init
                0x0000000008009370       0x60 Src/usb_device.o
                0x0000000008009370                MX_USB_DEVICE_Init
 .text.CDC_Init_FS
                0x00000000080093d0       0x28 Src/usbd_cdc_if.o
 .text.CDC_DeInit_FS
                0x00000000080093f8       0x10 Src/usbd_cdc_if.o
 .text.CDC_Control_FS
                0x0000000008009408       0xbc Src/usbd_cdc_if.o
 .text.CDC_Receive_FS
                0x00000000080094c4       0x28 Src/usbd_cdc_if.o
 .text.HAL_PCD_MspInit
                0x00000000080094ec       0x98 Src/usbd_conf.o
                0x00000000080094ec                HAL_PCD_MspInit
 .text.HAL_PCD_SetupStageCallback
                0x0000000008009584       0x24 Src/usbd_conf.o
                0x0000000008009584                HAL_PCD_SetupStageCallback
 .text.HAL_PCD_DataOutStageCallback
                0x00000000080095a8       0x36 Src/usbd_conf.o
                0x00000000080095a8                HAL_PCD_DataOutStageCallback
 .text.HAL_PCD_DataInStageCallback
                0x00000000080095de       0x34 Src/usbd_conf.o
                0x00000000080095de                HAL_PCD_DataInStageCallback
 .text.HAL_PCD_SOFCallback
                0x0000000008009612       0x1c Src/usbd_conf.o
                0x0000000008009612                HAL_PCD_SOFCallback
 .text.HAL_PCD_ResetCallback
                0x000000000800962e       0x3c Src/usbd_conf.o
                0x000000000800962e                HAL_PCD_ResetCallback
 *fill*         0x000000000800966a        0x2 
 .text.HAL_PCD_SuspendCallback
                0x000000000800966c       0x34 Src/usbd_conf.o
                0x000000000800966c                HAL_PCD_SuspendCallback
 .text.HAL_PCD_ResumeCallback
                0x00000000080096a0       0x1c Src/usbd_conf.o
                0x00000000080096a0                HAL_PCD_ResumeCallback
 .text.USBD_LL_Init
                0x00000000080096bc       0xb4 Src/usbd_conf.o
                0x00000000080096bc                USBD_LL_Init
 .text.USBD_LL_Start
                0x0000000008009770       0x36 Src/usbd_conf.o
                0x0000000008009770                USBD_LL_Start
 .text.USBD_LL_OpenEP
                0x00000000080097a6       0x4c Src/usbd_conf.o
                0x00000000080097a6                USBD_LL_OpenEP
 .text.USBD_LL_CloseEP
                0x00000000080097f2       0x3e Src/usbd_conf.o
                0x00000000080097f2                USBD_LL_CloseEP
 .text.USBD_LL_StallEP
                0x0000000008009830       0x3e Src/usbd_conf.o
                0x0000000008009830                USBD_LL_StallEP
 .text.USBD_LL_ClearStallEP
                0x000000000800986e       0x3e Src/usbd_conf.o
                0x000000000800986e                USBD_LL_ClearStallEP
 .text.USBD_LL_IsStallEP
                0x00000000080098ac       0x58 Src/usbd_conf.o
                0x00000000080098ac                USBD_LL_IsStallEP
 .text.USBD_LL_SetUSBAddress
                0x0000000008009904       0x3e Src/usbd_conf.o
                0x0000000008009904                USBD_LL_SetUSBAddress
 .text.USBD_LL_Transmit
                0x0000000008009942       0x46 Src/usbd_conf.o
                0x0000000008009942                USBD_LL_Transmit
 .text.USBD_LL_PrepareReceive
                0x0000000008009988       0x46 Src/usbd_conf.o
                0x0000000008009988                USBD_LL_PrepareReceive
 .text.USBD_LL_GetRxDataSize
                0x00000000080099ce       0x26 Src/usbd_conf.o
                0x00000000080099ce                USBD_LL_GetRxDataSize
 .text.USBD_static_malloc
                0x00000000080099f4       0x1c Src/usbd_conf.o
                0x00000000080099f4                USBD_static_malloc
 .text.USBD_static_free
                0x0000000008009a10       0x14 Src/usbd_conf.o
                0x0000000008009a10                USBD_static_free
 .text.HAL_PCDEx_SetConnectionState
                0x0000000008009a24       0x18 Src/usbd_conf.o
                0x0000000008009a24                HAL_PCDEx_SetConnectionState
 .text.USBD_Get_USB_Status
                0x0000000008009a3c       0x58 Src/usbd_conf.o
 .text.USBD_FS_DeviceDescriptor
                0x0000000008009a94       0x24 Src/usbd_desc.o
                0x0000000008009a94                USBD_FS_DeviceDescriptor
 .text.USBD_FS_LangIDStrDescriptor
                0x0000000008009ab8       0x24 Src/usbd_desc.o
                0x0000000008009ab8                USBD_FS_LangIDStrDescriptor
 .text.USBD_FS_ProductStrDescriptor
                0x0000000008009adc       0x3c Src/usbd_desc.o
                0x0000000008009adc                USBD_FS_ProductStrDescriptor
 .text.USBD_FS_ManufacturerStrDescriptor
                0x0000000008009b18       0x28 Src/usbd_desc.o
                0x0000000008009b18                USBD_FS_ManufacturerStrDescriptor
 .text.USBD_FS_SerialStrDescriptor
                0x0000000008009b40       0x24 Src/usbd_desc.o
                0x0000000008009b40                USBD_FS_SerialStrDescriptor
 .text.USBD_FS_ConfigStrDescriptor
                0x0000000008009b64       0x3c Src/usbd_desc.o
                0x0000000008009b64                USBD_FS_ConfigStrDescriptor
 .text.USBD_FS_InterfaceStrDescriptor
                0x0000000008009ba0       0x3c Src/usbd_desc.o
                0x0000000008009ba0                USBD_FS_InterfaceStrDescriptor
 .text.Get_SerialNum
                0x0000000008009bdc       0x58 Src/usbd_desc.o
 .text.IntToUnicode
                0x0000000008009c34       0x7c Src/usbd_desc.o
 .text.Reset_Handler
                0x0000000008009cb0       0x50 Startup/startup_stm32f303vctx.o
                0x0000000008009cb0                Reset_Handler
 .text.Default_Handler
                0x0000000008009d00        0x2 Startup/startup_stm32f303vctx.o
                0x0000000008009d00                RTC_Alarm_IRQHandler
                0x0000000008009d00                TIM8_TRG_COM_IRQHandler
                0x0000000008009d00                TIM8_CC_IRQHandler
                0x0000000008009d00                TIM1_CC_IRQHandler
                0x0000000008009d00                USB_HP_IRQHandler
                0x0000000008009d00                PVD_IRQHandler
                0x0000000008009d00                TAMP_STAMP_IRQHandler
                0x0000000008009d00                EXTI3_IRQHandler
                0x0000000008009d00                USB_HP_CAN_TX_IRQHandler
                0x0000000008009d00                EXTI0_IRQHandler
                0x0000000008009d00                I2C2_EV_IRQHandler
                0x0000000008009d00                FPU_IRQHandler
                0x0000000008009d00                ADC1_2_IRQHandler
                0x0000000008009d00                SPI1_IRQHandler
                0x0000000008009d00                CAN_SCE_IRQHandler
                0x0000000008009d00                TIM6_DAC_IRQHandler
                0x0000000008009d00                TIM8_UP_IRQHandler
                0x0000000008009d00                DMA2_Channel2_IRQHandler
                0x0000000008009d00                DMA1_Channel4_IRQHandler
                0x0000000008009d00                USART3_IRQHandler
                0x0000000008009d00                DMA1_Channel7_IRQHandler
                0x0000000008009d00                UART5_IRQHandler
                0x0000000008009d00                ADC3_IRQHandler
                0x0000000008009d00                TIM4_IRQHandler
                0x0000000008009d00                CAN_RX1_IRQHandler
                0x0000000008009d00                DMA2_Channel1_IRQHandler
                0x0000000008009d00                I2C1_EV_IRQHandler
                0x0000000008009d00                DMA1_Channel6_IRQHandler
                0x0000000008009d00                UART4_IRQHandler
                0x0000000008009d00                DMA2_Channel4_IRQHandler
                0x0000000008009d00                TIM3_IRQHandler
                0x0000000008009d00                RCC_IRQHandler
                0x0000000008009d00                DMA1_Channel1_IRQHandler
                0x0000000008009d00                Default_Handler
                0x0000000008009d00                USBWakeUp_RMP_IRQHandler
                0x0000000008009d00                EXTI15_10_IRQHandler
                0x0000000008009d00                TIM7_IRQHandler
                0x0000000008009d00                EXTI9_5_IRQHandler
                0x0000000008009d00                RTC_WKUP_IRQHandler
                0x0000000008009d00                SPI2_IRQHandler
                0x0000000008009d00                DMA2_Channel5_IRQHandler
                0x0000000008009d00                DMA1_Channel5_IRQHandler
                0x0000000008009d00                USB_LP_IRQHandler
                0x0000000008009d00                EXTI4_IRQHandler
                0x0000000008009d00                TIM1_TRG_COM_TIM17_IRQHandler
                0x0000000008009d00                DMA1_Channel3_IRQHandler
                0x0000000008009d00                ADC4_IRQHandler
                0x0000000008009d00                WWDG_IRQHandler
                0x0000000008009d00                TIM2_IRQHandler
                0x0000000008009d00                COMP7_IRQHandler
                0x0000000008009d00                EXTI1_IRQHandler
                0x0000000008009d00                USART2_IRQHandler
                0x0000000008009d00                I2C2_ER_IRQHandler
                0x0000000008009d00                DMA1_Channel2_IRQHandler
                0x0000000008009d00                TIM8_BRK_IRQHandler
                0x0000000008009d00                FLASH_IRQHandler
                0x0000000008009d00                USART1_IRQHandler
                0x0000000008009d00                SPI3_IRQHandler
                0x0000000008009d00                I2C1_ER_IRQHandler
                0x0000000008009d00                USBWakeUp_IRQHandler
                0x0000000008009d00                DMA2_Channel3_IRQHandler
                0x0000000008009d00                EXTI2_TSC_IRQHandler
                0x0000000008009d00                TIM1_BRK_TIM15_IRQHandler
 *fill*         0x0000000008009d02        0x2 
 .text.__libc_init_array
                0x0000000008009d04       0x48 /opt/st/stm32cubeide_1.0.2/plugins/com.st.stm32cube.ide.mcu.externaltools.gnu-tools-for-stm32.7-2018-q2-update.linux64_1.0.0.201904181610/tools/bin/../lib/gcc/arm-none-eabi/7.3.1/../../../../arm-none-eabi/lib/thumb/v7e-m/fpv4-sp/hard/libc_nano.a(lib_a-init.o)
                0x0000000008009d04                __libc_init_array
 .text.memset   0x0000000008009d4c       0x10 /opt/st/stm32cubeide_1.0.2/plugins/com.st.stm32cube.ide.mcu.externaltools.gnu-tools-for-stm32.7-2018-q2-update.linux64_1.0.0.201904181610/tools/bin/../lib/gcc/arm-none-eabi/7.3.1/../../../../arm-none-eabi/lib/thumb/v7e-m/fpv4-sp/hard/libc_nano.a(lib_a-memset.o)
                0x0000000008009d4c                memset
 *(.glue_7)
 .glue_7        0x0000000008009d5c        0x0 linker stubs
 *(.glue_7t)
 .glue_7t       0x0000000008009d5c        0x0 linker stubs
 *(.eh_frame)
 .eh_frame      0x0000000008009d5c        0x0 /opt/st/stm32cubeide_1.0.2/plugins/com.st.stm32cube.ide.mcu.externaltools.gnu-tools-for-stm32.7-2018-q2-update.linux64_1.0.0.201904181610/tools/bin/../lib/gcc/arm-none-eabi/7.3.1/thumb/v7e-m/fpv4-sp/hard/crtbegin.o
 *(.init)
 .init          0x0000000008009d5c        0x4 /opt/st/stm32cubeide_1.0.2/plugins/com.st.stm32cube.ide.mcu.externaltools.gnu-tools-for-stm32.7-2018-q2-update.linux64_1.0.0.201904181610/tools/bin/../lib/gcc/arm-none-eabi/7.3.1/thumb/v7e-m/fpv4-sp/hard/crti.o
                0x0000000008009d5c                _init
 .init          0x0000000008009d60        0x8 /opt/st/stm32cubeide_1.0.2/plugins/com.st.stm32cube.ide.mcu.externaltools.gnu-tools-for-stm32.7-2018-q2-update.linux64_1.0.0.201904181610/tools/bin/../lib/gcc/arm-none-eabi/7.3.1/thumb/v7e-m/fpv4-sp/hard/crtn.o
 *(.fini)
 .fini          0x0000000008009d68        0x4 /opt/st/stm32cubeide_1.0.2/plugins/com.st.stm32cube.ide.mcu.externaltools.gnu-tools-for-stm32.7-2018-q2-update.linux64_1.0.0.201904181610/tools/bin/../lib/gcc/arm-none-eabi/7.3.1/thumb/v7e-m/fpv4-sp/hard/crti.o
                0x0000000008009d68                _fini
 .fini          0x0000000008009d6c        0x8 /opt/st/stm32cubeide_1.0.2/plugins/com.st.stm32cube.ide.mcu.externaltools.gnu-tools-for-stm32.7-2018-q2-update.linux64_1.0.0.201904181610/tools/bin/../lib/gcc/arm-none-eabi/7.3.1/thumb/v7e-m/fpv4-sp/hard/crtn.o
                0x0000000008009d74                . = ALIGN (0x4)
                0x0000000008009d74                _etext = .

.vfp11_veneer   0x0000000008009d74        0x0
 .vfp11_veneer  0x0000000008009d74        0x0 linker stubs

.v4_bx          0x0000000008009d74        0x0
 .v4_bx         0x0000000008009d74        0x0 linker stubs

.iplt           0x0000000008009d74        0x0
 .iplt          0x0000000008009d74        0x0 /opt/st/stm32cubeide_1.0.2/plugins/com.st.stm32cube.ide.mcu.externaltools.gnu-tools-for-stm32.7-2018-q2-update.linux64_1.0.0.201904181610/tools/bin/../lib/gcc/arm-none-eabi/7.3.1/thumb/v7e-m/fpv4-sp/hard/crtbegin.o

.rodata         0x0000000008009d74       0xa8
                0x0000000008009d74                . = ALIGN (0x4)
 *(.rodata)
 .rodata        0x0000000008009d74        0x5 Middlewares/Third_Party/FreeRTOS/Source/tasks.o
 *fill*         0x0000000008009d79        0x3 
 .rodata        0x0000000008009d7c       0x20 Src/freertos.o
 .rodata        0x0000000008009d9c       0x46 Src/usbd_desc.o
 *(.rodata*)
 *fill*         0x0000000008009de2        0x2 
 .rodata.aPLLMULFactorTable
                0x0000000008009de4       0x10 Drivers/STM32F3xx_HAL_Driver/Src/stm32f3xx_hal_rcc.o
                0x0000000008009de4                aPLLMULFactorTable
 .rodata.aPredivFactorTable
                0x0000000008009df4       0x10 Drivers/STM32F3xx_HAL_Driver/Src/stm32f3xx_hal_rcc.o
                0x0000000008009df4                aPredivFactorTable
 .rodata.AHBPrescTable
                0x0000000008009e04       0x10 Src/system_stm32f3xx.o
                0x0000000008009e04                AHBPrescTable
 .rodata.APBPrescTable
                0x0000000008009e14        0x8 Src/system_stm32f3xx.o
                0x0000000008009e14                APBPrescTable
                0x0000000008009e1c                . = ALIGN (0x4)

.rel.dyn        0x0000000008009e1c        0x0
 .rel.iplt      0x0000000008009e1c        0x0 /opt/st/stm32cubeide_1.0.2/plugins/com.st.stm32cube.ide.mcu.externaltools.gnu-tools-for-stm32.7-2018-q2-update.linux64_1.0.0.201904181610/tools/bin/../lib/gcc/arm-none-eabi/7.3.1/thumb/v7e-m/fpv4-sp/hard/crtbegin.o

.ARM.extab      0x0000000008009e1c        0x0
                0x0000000008009e1c                . = ALIGN (0x4)
 *(.ARM.extab* .gnu.linkonce.armextab.*)
                0x0000000008009e1c                . = ALIGN (0x4)

.ARM            0x0000000008009e1c        0x0
                0x0000000008009e1c                . = ALIGN (0x4)
                0x0000000008009e1c                __exidx_start = .
 *(.ARM.exidx*)
                0x0000000008009e1c                __exidx_end = .
                0x0000000008009e1c                . = ALIGN (0x4)

.preinit_array  0x0000000008009e1c        0x0
                0x0000000008009e1c                . = ALIGN (0x4)
                0x0000000008009e1c                PROVIDE (__preinit_array_start = .)
 *(.preinit_array*)
                0x0000000008009e1c                PROVIDE (__preinit_array_end = .)
                0x0000000008009e1c                . = ALIGN (0x4)

.init_array     0x0000000008009e1c        0x4
                0x0000000008009e1c                . = ALIGN (0x4)
                0x0000000008009e1c                PROVIDE (__init_array_start = .)
 *(SORT_BY_NAME(.init_array.*))
 *(.init_array*)
 .init_array    0x0000000008009e1c        0x4 /opt/st/stm32cubeide_1.0.2/plugins/com.st.stm32cube.ide.mcu.externaltools.gnu-tools-for-stm32.7-2018-q2-update.linux64_1.0.0.201904181610/tools/bin/../lib/gcc/arm-none-eabi/7.3.1/thumb/v7e-m/fpv4-sp/hard/crtbegin.o
                0x0000000008009e20                PROVIDE (__init_array_end = .)
                0x0000000008009e20                . = ALIGN (0x4)

.fini_array     0x0000000008009e20        0x4
                0x0000000008009e20                . = ALIGN (0x4)
                [!provide]                        PROVIDE (__fini_array_start = .)
 *(SORT_BY_NAME(.fini_array.*))
 *(.fini_array*)
 .fini_array    0x0000000008009e20        0x4 /opt/st/stm32cubeide_1.0.2/plugins/com.st.stm32cube.ide.mcu.externaltools.gnu-tools-for-stm32.7-2018-q2-update.linux64_1.0.0.201904181610/tools/bin/../lib/gcc/arm-none-eabi/7.3.1/thumb/v7e-m/fpv4-sp/hard/crtbegin.o
                [!provide]                        PROVIDE (__fini_array_end = .)
                0x0000000008009e24                . = ALIGN (0x4)
                0x0000000008009e24                _sidata = LOADADDR (.data)

.data           0x0000000020000000      0x17c load address 0x0000000008009e24
                0x0000000020000000                . = ALIGN (0x4)
                0x0000000020000000                _sdata = .
 *(.data)
 *(.data*)
 .data.uwTickFreq
                0x0000000020000000        0x1 Drivers/STM32F3xx_HAL_Driver/Src/stm32f3xx_hal.o
                0x0000000020000000                uwTickFreq
 *fill*         0x0000000020000001        0x3 
 .data.USBD_CDC_DeviceQualifierDesc
                0x0000000020000004        0xa Middlewares/ST/STM32_USB_Device_Library/Class/CDC/Src/usbd_cdc.o
 *fill*         0x000000002000000e        0x2 
 .data.USBD_CDC
                0x0000000020000010       0x38 Middlewares/ST/STM32_USB_Device_Library/Class/CDC/Src/usbd_cdc.o
                0x0000000020000010                USBD_CDC
 .data.USBD_CDC_CfgHSDesc
                0x0000000020000048       0x43 Middlewares/ST/STM32_USB_Device_Library/Class/CDC/Src/usbd_cdc.o
                0x0000000020000048                USBD_CDC_CfgHSDesc
 *fill*         0x000000002000008b        0x1 
 .data.USBD_CDC_CfgFSDesc
                0x000000002000008c       0x43 Middlewares/ST/STM32_USB_Device_Library/Class/CDC/Src/usbd_cdc.o
                0x000000002000008c                USBD_CDC_CfgFSDesc
 *fill*         0x00000000200000cf        0x1 
 .data.USBD_CDC_OtherSpeedCfgDesc
                0x00000000200000d0       0x43 Middlewares/ST/STM32_USB_Device_Library/Class/CDC/Src/usbd_cdc.o
                0x00000000200000d0                USBD_CDC_OtherSpeedCfgDesc
 *fill*         0x0000000020000113        0x1 
 .data.uxCriticalNesting
                0x0000000020000114        0x4 Middlewares/Third_Party/FreeRTOS/Source/portable/GCC/ARM_CM4F/port.o
 .data.SystemCoreClock
                0x0000000020000118        0x4 Src/system_stm32f3xx.o
                0x0000000020000118                SystemCoreClock
 .data.USBD_Interface_fops_FS
                0x000000002000011c       0x10 Src/usbd_cdc_if.o
                0x000000002000011c                USBD_Interface_fops_FS
 .data.FS_Desc  0x000000002000012c       0x1c Src/usbd_desc.o
                0x000000002000012c                FS_Desc
 .data.USBD_FS_DeviceDesc
                0x0000000020000148       0x12 Src/usbd_desc.o
                0x0000000020000148                USBD_FS_DeviceDesc
 *fill*         0x000000002000015a        0x2 
 .data.USBD_LangIDDesc
                0x000000002000015c        0x4 Src/usbd_desc.o
                0x000000002000015c                USBD_LangIDDesc
 .data.USBD_StringSerial
                0x0000000020000160       0x1a Src/usbd_desc.o
                0x0000000020000160                USBD_StringSerial
                0x000000002000017c                . = ALIGN (0x4)
 *fill*         0x000000002000017a        0x2 
                0x000000002000017c                _edata = .

.igot.plt       0x000000002000017c        0x0 load address 0x0000000008009fa0
 .igot.plt      0x000000002000017c        0x0 /opt/st/stm32cubeide_1.0.2/plugins/com.st.stm32cube.ide.mcu.externaltools.gnu-tools-for-stm32.7-2018-q2-update.linux64_1.0.0.201904181610/tools/bin/../lib/gcc/arm-none-eabi/7.3.1/thumb/v7e-m/fpv4-sp/hard/crtbegin.o
                0x000000002000017c                . = ALIGN (0x4)

.bss            0x000000002000017c     0x34d4 load address 0x0000000008009fa0
                0x000000002000017c                _sbss = .
                0x000000002000017c                __bss_start__ = _sbss
 *(.bss)
 .bss           0x000000002000017c       0x1c /opt/st/stm32cubeide_1.0.2/plugins/com.st.stm32cube.ide.mcu.externaltools.gnu-tools-for-stm32.7-2018-q2-update.linux64_1.0.0.201904181610/tools/bin/../lib/gcc/arm-none-eabi/7.3.1/thumb/v7e-m/fpv4-sp/hard/crtbegin.o
 *(.bss*)
 .bss.ifalt.10212
                0x0000000020000198        0x1 Middlewares/ST/STM32_USB_Device_Library/Class/CDC/Src/usbd_cdc.o
 .bss.cfgidx.10217
                0x0000000020000199        0x1 Middlewares/ST/STM32_USB_Device_Library/Core/Src/usbd_ctlreq.o
 *fill*         0x000000002000019a        0x2 
 .bss.pxCurrentTCB
                0x000000002000019c        0x4 Middlewares/Third_Party/FreeRTOS/Source/tasks.o
                0x000000002000019c                pxCurrentTCB
 .bss.pxReadyTasksLists
                0x00000000200001a0       0x8c Middlewares/Third_Party/FreeRTOS/Source/tasks.o
 .bss.xDelayedTaskList1
                0x000000002000022c       0x14 Middlewares/Third_Party/FreeRTOS/Source/tasks.o
 .bss.xDelayedTaskList2
                0x0000000020000240       0x14 Middlewares/Third_Party/FreeRTOS/Source/tasks.o
 .bss.pxDelayedTaskList
                0x0000000020000254        0x4 Middlewares/Third_Party/FreeRTOS/Source/tasks.o
 .bss.pxOverflowDelayedTaskList
                0x0000000020000258        0x4 Middlewares/Third_Party/FreeRTOS/Source/tasks.o
 .bss.xPendingReadyList
                0x000000002000025c       0x14 Middlewares/Third_Party/FreeRTOS/Source/tasks.o
 .bss.xTasksWaitingTermination
                0x0000000020000270       0x14 Middlewares/Third_Party/FreeRTOS/Source/tasks.o
 .bss.uxDeletedTasksWaitingCleanUp
                0x0000000020000284        0x4 Middlewares/Third_Party/FreeRTOS/Source/tasks.o
 .bss.xSuspendedTaskList
                0x0000000020000288       0x14 Middlewares/Third_Party/FreeRTOS/Source/tasks.o
 .bss.uxCurrentNumberOfTasks
                0x000000002000029c        0x4 Middlewares/Third_Party/FreeRTOS/Source/tasks.o
 .bss.xTickCount
                0x00000000200002a0        0x4 Middlewares/Third_Party/FreeRTOS/Source/tasks.o
 .bss.uxTopReadyPriority
                0x00000000200002a4        0x4 Middlewares/Third_Party/FreeRTOS/Source/tasks.o
 .bss.xSchedulerRunning
                0x00000000200002a8        0x4 Middlewares/Third_Party/FreeRTOS/Source/tasks.o
 .bss.uxPendedTicks
                0x00000000200002ac        0x4 Middlewares/Third_Party/FreeRTOS/Source/tasks.o
 .bss.xYieldPending
                0x00000000200002b0        0x4 Middlewares/Third_Party/FreeRTOS/Source/tasks.o
 .bss.xNumOfOverflows
                0x00000000200002b4        0x4 Middlewares/Third_Party/FreeRTOS/Source/tasks.o
 .bss.uxTaskNumber
                0x00000000200002b8        0x4 Middlewares/Third_Party/FreeRTOS/Source/tasks.o
 .bss.xNextTaskUnblockTime
                0x00000000200002bc        0x4 Middlewares/Third_Party/FreeRTOS/Source/tasks.o
 .bss.xIdleTaskHandle
                0x00000000200002c0        0x4 Middlewares/Third_Party/FreeRTOS/Source/tasks.o
 .bss.uxSchedulerSuspended
                0x00000000200002c4        0x4 Middlewares/Third_Party/FreeRTOS/Source/tasks.o
 .bss.ucMaxSysCallPriority
                0x00000000200002c8        0x1 Middlewares/Third_Party/FreeRTOS/Source/portable/GCC/ARM_CM4F/port.o
 *fill*         0x00000000200002c9        0x3 
 .bss.ulMaxPRIGROUPValue
                0x00000000200002cc        0x4 Middlewares/Third_Party/FreeRTOS/Source/portable/GCC/ARM_CM4F/port.o
 .bss.ucHeap    0x00000000200002d0     0x2000 Middlewares/Third_Party/FreeRTOS/Source/portable/MemMang/heap_4.o
 .bss.xStart    0x00000000200022d0        0x8 Middlewares/Third_Party/FreeRTOS/Source/portable/MemMang/heap_4.o
 .bss.pxEnd     0x00000000200022d8        0x4 Middlewares/Third_Party/FreeRTOS/Source/portable/MemMang/heap_4.o
 .bss.xFreeBytesRemaining
                0x00000000200022dc        0x4 Middlewares/Third_Party/FreeRTOS/Source/portable/MemMang/heap_4.o
 .bss.xMinimumEverFreeBytesRemaining
                0x00000000200022e0        0x4 Middlewares/Third_Party/FreeRTOS/Source/portable/MemMang/heap_4.o
 .bss.xBlockAllocatedBit
                0x00000000200022e4        0x4 Middlewares/Third_Party/FreeRTOS/Source/portable/MemMang/heap_4.o
 .bss.mem.10302
                0x00000000200022e8      0x220 Src/usbd_conf.o
 *(COMMON)
 COMMON         0x0000000020002508        0x4 Drivers/STM32F3xx_HAL_Driver/Src/stm32f3xx_hal.o
                0x0000000020002508                uwTick
 COMMON         0x000000002000250c       0x54 Src/adc.o
                0x000000002000250c                hadc2
 COMMON         0x0000000020002560       0x84 Src/comp.o
                0x0000000020002560                hcomp4
                0x000000002000258c                hcomp2
                0x00000000200025b8                hcomp3
 COMMON         0x00000000200025e4        0x4 Src/freertos.o
                0x00000000200025e4                defaultTaskHandle
 COMMON         0x00000000200025e8       0x4c Src/motor_control.o
                0x00000000200025e8                motor
                0x0000000020002608                config
 COMMON         0x0000000020002634       0x40 Src/stm32f3xx_hal_timebase_tim.o
                0x0000000020002634                htim1
 COMMON         0x0000000020002674       0x40 Src/tim.o
                0x0000000020002674                htim2
 COMMON         0x00000000200026b4      0x224 Src/usb_device.o
                0x00000000200026b4                hUsbDeviceFS
 COMMON         0x00000000200028d8      0x7d0 Src/usbd_cdc_if.o
                0x00000000200028d8                UserRxBufferFS
                0x0000000020002cc0                UserTxBufferFS
 COMMON         0x00000000200030a8      0x3a8 Src/usbd_conf.o
                0x00000000200030a8                hpcd_USB_FS
 COMMON         0x0000000020003450      0x200 Src/usbd_desc.o
                0x0000000020003450                USBD_StrDesc
                0x0000000020003650                . = ALIGN (0x4)
                0x0000000020003650                _ebss = .
                0x0000000020003650                __bss_end__ = _ebss

._user_heap_stack
                0x0000000020003650      0x600 load address 0x0000000008009fa0
                0x0000000020003650                . = ALIGN (0x8)
                0x0000000020003650                PROVIDE (end = .)
                [!provide]                        PROVIDE (_end = .)
                0x0000000020003850                . = (. + _Min_Heap_Size)
 *fill*         0x0000000020003650      0x200 
                0x0000000020003c50                . = (. + _Min_Stack_Size)
 *fill*         0x0000000020003850      0x400 
                0x0000000020003c50                . = ALIGN (0x8)

/DISCARD/
 libc.a(*)
 libm.a(*)
 libgcc.a(*)

.ARM.attributes
                0x0000000000000000       0x30
 *(.ARM.attributes)
 .ARM.attributes
                0x0000000000000000       0x22 /opt/st/stm32cubeide_1.0.2/plugins/com.st.stm32cube.ide.mcu.externaltools.gnu-tools-for-stm32.7-2018-q2-update.linux64_1.0.0.201904181610/tools/bin/../lib/gcc/arm-none-eabi/7.3.1/thumb/v7e-m/fpv4-sp/hard/crti.o
 .ARM.attributes
                0x0000000000000022       0x34 /opt/st/stm32cubeide_1.0.2/plugins/com.st.stm32cube.ide.mcu.externaltools.gnu-tools-for-stm32.7-2018-q2-update.linux64_1.0.0.201904181610/tools/bin/../lib/gcc/arm-none-eabi/7.3.1/thumb/v7e-m/fpv4-sp/hard/crtbegin.o
 .ARM.attributes
                0x0000000000000056       0x39 Drivers/STM32F3xx_HAL_Driver/Src/stm32f3xx_hal.o
 .ARM.attributes
                0x000000000000008f       0x39 Drivers/STM32F3xx_HAL_Driver/Src/stm32f3xx_hal_adc_ex.o
 .ARM.attributes
                0x00000000000000c8       0x39 Drivers/STM32F3xx_HAL_Driver/Src/stm32f3xx_hal_comp.o
 .ARM.attributes
                0x0000000000000101       0x39 Drivers/STM32F3xx_HAL_Driver/Src/stm32f3xx_hal_cortex.o
 .ARM.attributes
                0x000000000000013a       0x39 Drivers/STM32F3xx_HAL_Driver/Src/stm32f3xx_hal_gpio.o
 .ARM.attributes
                0x0000000000000173       0x39 Drivers/STM32F3xx_HAL_Driver/Src/stm32f3xx_hal_pcd.o
 .ARM.attributes
                0x00000000000001ac       0x39 Drivers/STM32F3xx_HAL_Driver/Src/stm32f3xx_hal_pcd_ex.o
 .ARM.attributes
                0x00000000000001e5       0x39 Drivers/STM32F3xx_HAL_Driver/Src/stm32f3xx_hal_rcc.o
 .ARM.attributes
                0x000000000000021e       0x39 Drivers/STM32F3xx_HAL_Driver/Src/stm32f3xx_hal_rcc_ex.o
 .ARM.attributes
                0x0000000000000257       0x39 Drivers/STM32F3xx_HAL_Driver/Src/stm32f3xx_hal_tim.o
 .ARM.attributes
                0x0000000000000290       0x39 Drivers/STM32F3xx_HAL_Driver/Src/stm32f3xx_hal_tim_ex.o
 .ARM.attributes
                0x00000000000002c9       0x39 Middlewares/ST/STM32_USB_Device_Library/Class/CDC/Src/usbd_cdc.o
 .ARM.attributes
                0x0000000000000302       0x39 Middlewares/ST/STM32_USB_Device_Library/Core/Src/usbd_core.o
 .ARM.attributes
                0x000000000000033b       0x39 Middlewares/ST/STM32_USB_Device_Library/Core/Src/usbd_ctlreq.o
 .ARM.attributes
                0x0000000000000374       0x39 Middlewares/ST/STM32_USB_Device_Library/Core/Src/usbd_ioreq.o
 .ARM.attributes
                0x00000000000003ad       0x39 Middlewares/Third_Party/FreeRTOS/Source/CMSIS_RTOS/cmsis_os.o
 .ARM.attributes
                0x00000000000003e6       0x39 Middlewares/Third_Party/FreeRTOS/Source/list.o
 .ARM.attributes
                0x000000000000041f       0x39 Middlewares/Third_Party/FreeRTOS/Source/tasks.o
 .ARM.attributes
                0x0000000000000458       0x39 Middlewares/Third_Party/FreeRTOS/Source/portable/GCC/ARM_CM4F/port.o
 .ARM.attributes
                0x0000000000000491       0x39 Middlewares/Third_Party/FreeRTOS/Source/portable/MemMang/heap_4.o
 .ARM.attributes
                0x00000000000004ca       0x39 Src/adc.o
 .ARM.attributes
                0x0000000000000503       0x39 Src/comp.o
 .ARM.attributes
                0x000000000000053c       0x39 Src/freertos.o
 .ARM.attributes
                0x0000000000000575       0x39 Src/gpio.o
 .ARM.attributes
                0x00000000000005ae       0x39 Src/main.o
 .ARM.attributes
                0x00000000000005e7       0x39 Src/motor_control.o
 .ARM.attributes
                0x0000000000000620       0x39 Src/stm32f3xx_hal_msp.o
 .ARM.attributes
                0x0000000000000659       0x39 Src/stm32f3xx_hal_timebase_tim.o
 .ARM.attributes
                0x0000000000000692       0x39 Src/stm32f3xx_it.o
 .ARM.attributes
                0x00000000000006cb       0x39 Src/system_stm32f3xx.o
 .ARM.attributes
                0x0000000000000704       0x39 Src/tim.o
 .ARM.attributes
                0x000000000000073d       0x39 Src/usb_device.o
 .ARM.attributes
                0x0000000000000776       0x39 Src/usbd_cdc_if.o
 .ARM.attributes
                0x00000000000007af       0x39 Src/usbd_conf.o
 .ARM.attributes
                0x00000000000007e8       0x39 Src/usbd_desc.o
 .ARM.attributes
                0x0000000000000821       0x21 Startup/startup_stm32f303vctx.o
 .ARM.attributes
                0x0000000000000842       0x34 /opt/st/stm32cubeide_1.0.2/plugins/com.st.stm32cube.ide.mcu.externaltools.gnu-tools-for-stm32.7-2018-q2-update.linux64_1.0.0.201904181610/tools/bin/../lib/gcc/arm-none-eabi/7.3.1/../../../../arm-none-eabi/lib/thumb/v7e-m/fpv4-sp/hard/libc_nano.a(lib_a-init.o)
 .ARM.attributes
                0x0000000000000876       0x34 /opt/st/stm32cubeide_1.0.2/plugins/com.st.stm32cube.ide.mcu.externaltools.gnu-tools-for-stm32.7-2018-q2-update.linux64_1.0.0.201904181610/tools/bin/../lib/gcc/arm-none-eabi/7.3.1/../../../../arm-none-eabi/lib/thumb/v7e-m/fpv4-sp/hard/libc_nano.a(lib_a-memset.o)
 .ARM.attributes
                0x00000000000008aa       0x22 /opt/st/stm32cubeide_1.0.2/plugins/com.st.stm32cube.ide.mcu.externaltools.gnu-tools-for-stm32.7-2018-q2-update.linux64_1.0.0.201904181610/tools/bin/../lib/gcc/arm-none-eabi/7.3.1/thumb/v7e-m/fpv4-sp/hard/crtn.o
OUTPUT(bldc_control.elf elf32-littlearm)

.debug_info     0x0000000000000000    0x2a054
 .debug_info    0x0000000000000000      0xfe5 Drivers/STM32F3xx_HAL_Driver/Src/stm32f3xx_hal.o
 .debug_info    0x0000000000000fe5     0x1d79 Drivers/STM32F3xx_HAL_Driver/Src/stm32f3xx_hal_adc_ex.o
 .debug_info    0x0000000000002d5e      0xf97 Drivers/STM32F3xx_HAL_Driver/Src/stm32f3xx_hal_comp.o
 .debug_info    0x0000000000003cf5     0x159e Drivers/STM32F3xx_HAL_Driver/Src/stm32f3xx_hal_cortex.o
 .debug_info    0x0000000000005293      0xf29 Drivers/STM32F3xx_HAL_Driver/Src/stm32f3xx_hal_gpio.o
 .debug_info    0x00000000000061bc     0x17c3 Drivers/STM32F3xx_HAL_Driver/Src/stm32f3xx_hal_pcd.o
 .debug_info    0x000000000000797f      0xf48 Drivers/STM32F3xx_HAL_Driver/Src/stm32f3xx_hal_pcd_ex.o
 .debug_info    0x00000000000088c7     0x1ffd Drivers/STM32F3xx_HAL_Driver/Src/stm32f3xx_hal_rcc.o
 .debug_info    0x000000000000a8c4      0xec9 Drivers/STM32F3xx_HAL_Driver/Src/stm32f3xx_hal_rcc_ex.o
 .debug_info    0x000000000000b78d     0x2b25 Drivers/STM32F3xx_HAL_Driver/Src/stm32f3xx_hal_tim.o
 .debug_info    0x000000000000e2b2     0x1b04 Drivers/STM32F3xx_HAL_Driver/Src/stm32f3xx_hal_tim_ex.o
 .debug_info    0x000000000000fdb6     0x1320 Middlewares/ST/STM32_USB_Device_Library/Class/CDC/Src/usbd_cdc.o
 .debug_info    0x00000000000110d6     0x11c3 Middlewares/ST/STM32_USB_Device_Library/Core/Src/usbd_core.o
 .debug_info    0x0000000000012299     0x1124 Middlewares/ST/STM32_USB_Device_Library/Core/Src/usbd_ctlreq.o
 .debug_info    0x00000000000133bd      0xf24 Middlewares/ST/STM32_USB_Device_Library/Core/Src/usbd_ioreq.o
 .debug_info    0x00000000000142e1     0x1af2 Middlewares/Third_Party/FreeRTOS/Source/CMSIS_RTOS/cmsis_os.o
 .debug_info    0x0000000000015dd3      0xac0 Middlewares/Third_Party/FreeRTOS/Source/list.o
 .debug_info    0x0000000000016893     0x20b3 Middlewares/Third_Party/FreeRTOS/Source/tasks.o
 .debug_info    0x0000000000018946      0x508 Middlewares/Third_Party/FreeRTOS/Source/portable/GCC/ARM_CM4F/port.o
 .debug_info    0x0000000000018e4e      0xbea Middlewares/Third_Party/FreeRTOS/Source/portable/MemMang/heap_4.o
 .debug_info    0x0000000000019a38     0x1200 Src/adc.o
 .debug_info    0x000000000001ac38      0xfc2 Src/comp.o
 .debug_info    0x000000000001bbfa     0x13e5 Src/freertos.o
 .debug_info    0x000000000001cfdf      0xc19 Src/gpio.o
 .debug_info    0x000000000001dbf8     0x1572 Src/main.o
 .debug_info    0x000000000001f16a     0x1350 Src/motor_control.o
 .debug_info    0x00000000000204ba      0xc5a Src/stm32f3xx_hal_msp.o
 .debug_info    0x0000000000021114     0x11e5 Src/stm32f3xx_hal_timebase_tim.o
 .debug_info    0x00000000000222f9     0x1404 Src/stm32f3xx_it.o
 .debug_info    0x00000000000236fd      0xc6e Src/system_stm32f3xx.o
 .debug_info    0x000000000002436b     0x123f Src/tim.o
 .debug_info    0x00000000000255aa      0xe6c Src/usb_device.o
 .debug_info    0x0000000000026416     0x1027 Src/usbd_cdc_if.o
 .debug_info    0x000000000002743d     0x1edb Src/usbd_conf.o
 .debug_info    0x0000000000029318      0xd1a Src/usbd_desc.o
 .debug_info    0x000000000002a032       0x22 Startup/startup_stm32f303vctx.o

.debug_abbrev   0x0000000000000000     0x5385
 .debug_abbrev  0x0000000000000000      0x283 Drivers/STM32F3xx_HAL_Driver/Src/stm32f3xx_hal.o
 .debug_abbrev  0x0000000000000283      0x287 Drivers/STM32F3xx_HAL_Driver/Src/stm32f3xx_hal_adc_ex.o
 .debug_abbrev  0x000000000000050a      0x24b Drivers/STM32F3xx_HAL_Driver/Src/stm32f3xx_hal_comp.o
 .debug_abbrev  0x0000000000000755      0x342 Drivers/STM32F3xx_HAL_Driver/Src/stm32f3xx_hal_cortex.o
 .debug_abbrev  0x0000000000000a97      0x251 Drivers/STM32F3xx_HAL_Driver/Src/stm32f3xx_hal_gpio.o
 .debug_abbrev  0x0000000000000ce8      0x2ea Drivers/STM32F3xx_HAL_Driver/Src/stm32f3xx_hal_pcd.o
 .debug_abbrev  0x0000000000000fd2      0x223 Drivers/STM32F3xx_HAL_Driver/Src/stm32f3xx_hal_pcd_ex.o
 .debug_abbrev  0x00000000000011f5      0x314 Drivers/STM32F3xx_HAL_Driver/Src/stm32f3xx_hal_rcc.o
 .debug_abbrev  0x0000000000001509      0x2cc Drivers/STM32F3xx_HAL_Driver/Src/stm32f3xx_hal_rcc_ex.o
 .debug_abbrev  0x00000000000017d5      0x2b2 Drivers/STM32F3xx_HAL_Driver/Src/stm32f3xx_hal_tim.o
 .debug_abbrev  0x0000000000001a87      0x28f Drivers/STM32F3xx_HAL_Driver/Src/stm32f3xx_hal_tim_ex.o
 .debug_abbrev  0x0000000000001d16      0x29a Middlewares/ST/STM32_USB_Device_Library/Class/CDC/Src/usbd_cdc.o
 .debug_abbrev  0x0000000000001fb0      0x261 Middlewares/ST/STM32_USB_Device_Library/Core/Src/usbd_core.o
 .debug_abbrev  0x0000000000002211      0x291 Middlewares/ST/STM32_USB_Device_Library/Core/Src/usbd_ctlreq.o
 .debug_abbrev  0x00000000000024a2      0x1d1 Middlewares/ST/STM32_USB_Device_Library/Core/Src/usbd_ioreq.o
 .debug_abbrev  0x0000000000002673      0x38a Middlewares/Third_Party/FreeRTOS/Source/CMSIS_RTOS/cmsis_os.o
 .debug_abbrev  0x00000000000029fd      0x1c8 Middlewares/Third_Party/FreeRTOS/Source/list.o
 .debug_abbrev  0x0000000000002bc5      0x356 Middlewares/Third_Party/FreeRTOS/Source/tasks.o
 .debug_abbrev  0x0000000000002f1b      0x1d8 Middlewares/Third_Party/FreeRTOS/Source/portable/GCC/ARM_CM4F/port.o
 .debug_abbrev  0x00000000000030f3      0x29e Middlewares/Third_Party/FreeRTOS/Source/portable/MemMang/heap_4.o
 .debug_abbrev  0x0000000000003391      0x1fb Src/adc.o
 .debug_abbrev  0x000000000000358c      0x204 Src/comp.o
 .debug_abbrev  0x0000000000003790      0x20a Src/freertos.o
 .debug_abbrev  0x000000000000399a      0x1c5 Src/gpio.o
 .debug_abbrev  0x0000000000003b5f      0x205 Src/main.o
 .debug_abbrev  0x0000000000003d64      0x292 Src/motor_control.o
 .debug_abbrev  0x0000000000003ff6      0x1ce Src/stm32f3xx_hal_msp.o
 .debug_abbrev  0x00000000000041c4      0x20e Src/stm32f3xx_hal_timebase_tim.o
 .debug_abbrev  0x00000000000043d2      0x208 Src/stm32f3xx_it.o
 .debug_abbrev  0x00000000000045da      0x1e7 Src/system_stm32f3xx.o
 .debug_abbrev  0x00000000000047c1      0x226 Src/tim.o
 .debug_abbrev  0x00000000000049e7      0x1af Src/usb_device.o
 .debug_abbrev  0x0000000000004b96      0x276 Src/usbd_cdc_if.o
 .debug_abbrev  0x0000000000004e0c      0x2d7 Src/usbd_conf.o
 .debug_abbrev  0x00000000000050e3      0x290 Src/usbd_desc.o
 .debug_abbrev  0x0000000000005373       0x12 Startup/startup_stm32f303vctx.o

.debug_aranges  0x0000000000000000     0x1640
 .debug_aranges
                0x0000000000000000       0xe0 Drivers/STM32F3xx_HAL_Driver/Src/stm32f3xx_hal.o
 .debug_aranges
                0x00000000000000e0      0x168 Drivers/STM32F3xx_HAL_Driver/Src/stm32f3xx_hal_adc_ex.o
 .debug_aranges
                0x0000000000000248       0x80 Drivers/STM32F3xx_HAL_Driver/Src/stm32f3xx_hal_comp.o
 .debug_aranges
                0x00000000000002c8      0x118 Drivers/STM32F3xx_HAL_Driver/Src/stm32f3xx_hal_cortex.o
 .debug_aranges
                0x00000000000003e0       0x58 Drivers/STM32F3xx_HAL_Driver/Src/stm32f3xx_hal_gpio.o
 .debug_aranges
                0x0000000000000438      0x120 Drivers/STM32F3xx_HAL_Driver/Src/stm32f3xx_hal_pcd.o
 .debug_aranges
                0x0000000000000558       0x38 Drivers/STM32F3xx_HAL_Driver/Src/stm32f3xx_hal_pcd_ex.o
 .debug_aranges
                0x0000000000000590       0x88 Drivers/STM32F3xx_HAL_Driver/Src/stm32f3xx_hal_rcc.o
 .debug_aranges
                0x0000000000000618       0x38 Drivers/STM32F3xx_HAL_Driver/Src/stm32f3xx_hal_rcc_ex.o
 .debug_aranges
                0x0000000000000650      0x378 Drivers/STM32F3xx_HAL_Driver/Src/stm32f3xx_hal_tim.o
 .debug_aranges
                0x00000000000009c8      0x178 Drivers/STM32F3xx_HAL_Driver/Src/stm32f3xx_hal_tim_ex.o
 .debug_aranges
                0x0000000000000b40       0x90 Middlewares/ST/STM32_USB_Device_Library/Class/CDC/Src/usbd_cdc.o
 .debug_aranges
                0x0000000000000bd0       0xb8 Middlewares/ST/STM32_USB_Device_Library/Core/Src/usbd_core.o
 .debug_aranges
                0x0000000000000c88       0x88 Middlewares/ST/STM32_USB_Device_Library/Core/Src/usbd_ctlreq.o
 .debug_aranges
                0x0000000000000d10       0x50 Middlewares/ST/STM32_USB_Device_Library/Core/Src/usbd_ioreq.o
 .debug_aranges
                0x0000000000000d60      0x1d8 Middlewares/Third_Party/FreeRTOS/Source/CMSIS_RTOS/cmsis_os.o
 .debug_aranges
                0x0000000000000f38       0x40 Middlewares/Third_Party/FreeRTOS/Source/list.o
 .debug_aranges
                0x0000000000000f78      0x190 Middlewares/Third_Party/FreeRTOS/Source/tasks.o
 .debug_aranges
                0x0000000000001108       0x80 Middlewares/Third_Party/FreeRTOS/Source/portable/GCC/ARM_CM4F/port.o
 .debug_aranges
                0x0000000000001188       0x50 Middlewares/Third_Party/FreeRTOS/Source/portable/MemMang/heap_4.o
 .debug_aranges
                0x00000000000011d8       0x30 Src/adc.o
 .debug_aranges
                0x0000000000001208       0x40 Src/comp.o
 .debug_aranges
                0x0000000000001248       0x28 Src/freertos.o
 .debug_aranges
                0x0000000000001270       0x20 Src/gpio.o
 .debug_aranges
                0x0000000000001290       0x38 Src/main.o
 .debug_aranges
                0x00000000000012c8       0x60 Src/motor_control.o
 .debug_aranges
                0x0000000000001328       0x20 Src/stm32f3xx_hal_msp.o
 .debug_aranges
                0x0000000000001348       0x30 Src/stm32f3xx_hal_timebase_tim.o
 .debug_aranges
                0x0000000000001378       0x68 Src/stm32f3xx_it.o
 .debug_aranges
                0x00000000000013e0       0x28 Src/system_stm32f3xx.o
 .debug_aranges
                0x0000000000001408       0x38 Src/tim.o
 .debug_aranges
                0x0000000000001440       0x20 Src/usb_device.o
 .debug_aranges
                0x0000000000001460       0x40 Src/usbd_cdc_if.o
 .debug_aranges
                0x00000000000014a0      0x118 Src/usbd_conf.o
 .debug_aranges
                0x00000000000015b8       0x60 Src/usbd_desc.o
 .debug_aranges
                0x0000000000001618       0x28 Startup/startup_stm32f303vctx.o

.debug_ranges   0x0000000000000000     0x1408
 .debug_ranges  0x0000000000000000       0xd0 Drivers/STM32F3xx_HAL_Driver/Src/stm32f3xx_hal.o
 .debug_ranges  0x00000000000000d0      0x158 Drivers/STM32F3xx_HAL_Driver/Src/stm32f3xx_hal_adc_ex.o
 .debug_ranges  0x0000000000000228       0x70 Drivers/STM32F3xx_HAL_Driver/Src/stm32f3xx_hal_comp.o
 .debug_ranges  0x0000000000000298      0x108 Drivers/STM32F3xx_HAL_Driver/Src/stm32f3xx_hal_cortex.o
 .debug_ranges  0x00000000000003a0       0x48 Drivers/STM32F3xx_HAL_Driver/Src/stm32f3xx_hal_gpio.o
 .debug_ranges  0x00000000000003e8      0x110 Drivers/STM32F3xx_HAL_Driver/Src/stm32f3xx_hal_pcd.o
 .debug_ranges  0x00000000000004f8       0x28 Drivers/STM32F3xx_HAL_Driver/Src/stm32f3xx_hal_pcd_ex.o
 .debug_ranges  0x0000000000000520       0x78 Drivers/STM32F3xx_HAL_Driver/Src/stm32f3xx_hal_rcc.o
 .debug_ranges  0x0000000000000598       0x28 Drivers/STM32F3xx_HAL_Driver/Src/stm32f3xx_hal_rcc_ex.o
 .debug_ranges  0x00000000000005c0      0x368 Drivers/STM32F3xx_HAL_Driver/Src/stm32f3xx_hal_tim.o
 .debug_ranges  0x0000000000000928      0x168 Drivers/STM32F3xx_HAL_Driver/Src/stm32f3xx_hal_tim_ex.o
 .debug_ranges  0x0000000000000a90       0x80 Middlewares/ST/STM32_USB_Device_Library/Class/CDC/Src/usbd_cdc.o
 .debug_ranges  0x0000000000000b10       0xa8 Middlewares/ST/STM32_USB_Device_Library/Core/Src/usbd_core.o
 .debug_ranges  0x0000000000000bb8       0x78 Middlewares/ST/STM32_USB_Device_Library/Core/Src/usbd_ctlreq.o
 .debug_ranges  0x0000000000000c30       0x40 Middlewares/ST/STM32_USB_Device_Library/Core/Src/usbd_ioreq.o
 .debug_ranges  0x0000000000000c70      0x1c8 Middlewares/Third_Party/FreeRTOS/Source/CMSIS_RTOS/cmsis_os.o
 .debug_ranges  0x0000000000000e38       0x30 Middlewares/Third_Party/FreeRTOS/Source/list.o
 .debug_ranges  0x0000000000000e68      0x180 Middlewares/Third_Party/FreeRTOS/Source/tasks.o
 .debug_ranges  0x0000000000000fe8       0x70 Middlewares/Third_Party/FreeRTOS/Source/portable/GCC/ARM_CM4F/port.o
 .debug_ranges  0x0000000000001058       0x40 Middlewares/Third_Party/FreeRTOS/Source/portable/MemMang/heap_4.o
 .debug_ranges  0x0000000000001098       0x20 Src/adc.o
 .debug_ranges  0x00000000000010b8       0x30 Src/comp.o
 .debug_ranges  0x00000000000010e8       0x18 Src/freertos.o
 .debug_ranges  0x0000000000001100       0x10 Src/gpio.o
 .debug_ranges  0x0000000000001110       0x28 Src/main.o
 .debug_ranges  0x0000000000001138       0x50 Src/motor_control.o
 .debug_ranges  0x0000000000001188       0x10 Src/stm32f3xx_hal_msp.o
 .debug_ranges  0x0000000000001198       0x20 Src/stm32f3xx_hal_timebase_tim.o
 .debug_ranges  0x00000000000011b8       0x58 Src/stm32f3xx_it.o
 .debug_ranges  0x0000000000001210       0x18 Src/system_stm32f3xx.o
 .debug_ranges  0x0000000000001228       0x28 Src/tim.o
 .debug_ranges  0x0000000000001250       0x10 Src/usb_device.o
 .debug_ranges  0x0000000000001260       0x30 Src/usbd_cdc_if.o
 .debug_ranges  0x0000000000001290      0x108 Src/usbd_conf.o
 .debug_ranges  0x0000000000001398       0x50 Src/usbd_desc.o
 .debug_ranges  0x00000000000013e8       0x20 Startup/startup_stm32f303vctx.o

.debug_macro    0x0000000000000000    0x21f2d
 .debug_macro   0x0000000000000000      0x36e Drivers/STM32F3xx_HAL_Driver/Src/stm32f3xx_hal.o
 .debug_macro   0x000000000000036e      0xa5a Drivers/STM32F3xx_HAL_Driver/Src/stm32f3xx_hal.o
 .debug_macro   0x0000000000000dc8       0xb7 Drivers/STM32F3xx_HAL_Driver/Src/stm32f3xx_hal.o
 .debug_macro   0x0000000000000e7f       0x2f Drivers/STM32F3xx_HAL_Driver/Src/stm32f3xx_hal.o
 .debug_macro   0x0000000000000eae       0x28 Drivers/STM32F3xx_HAL_Driver/Src/stm32f3xx_hal.o
 .debug_macro   0x0000000000000ed6       0x22 Drivers/STM32F3xx_HAL_Driver/Src/stm32f3xx_hal.o
 .debug_macro   0x0000000000000ef8       0x8e Drivers/STM32F3xx_HAL_Driver/Src/stm32f3xx_hal.o
 .debug_macro   0x0000000000000f86       0x51 Drivers/STM32F3xx_HAL_Driver/Src/stm32f3xx_hal.o
 .debug_macro   0x0000000000000fd7       0xef Drivers/STM32F3xx_HAL_Driver/Src/stm32f3xx_hal.o
 .debug_macro   0x00000000000010c6       0x6a Drivers/STM32F3xx_HAL_Driver/Src/stm32f3xx_hal.o
 .debug_macro   0x0000000000001130      0x1df Drivers/STM32F3xx_HAL_Driver/Src/stm32f3xx_hal.o
 .debug_macro   0x000000000000130f       0x35 Drivers/STM32F3xx_HAL_Driver/Src/stm32f3xx_hal.o
 .debug_macro   0x0000000000001344       0x50 Drivers/STM32F3xx_HAL_Driver/Src/stm32f3xx_hal.o
 .debug_macro   0x0000000000001394      0xe66 Drivers/STM32F3xx_HAL_Driver/Src/stm32f3xx_hal.o
 .debug_macro   0x00000000000021fa    0x12a4f Drivers/STM32F3xx_HAL_Driver/Src/stm32f3xx_hal.o
 .debug_macro   0x0000000000014c49       0x43 Drivers/STM32F3xx_HAL_Driver/Src/stm32f3xx_hal.o
 .debug_macro   0x0000000000014c8c       0x46 Drivers/STM32F3xx_HAL_Driver/Src/stm32f3xx_hal.o
 .debug_macro   0x0000000000014cd2       0x18 Drivers/STM32F3xx_HAL_Driver/Src/stm32f3xx_hal.o
 .debug_macro   0x0000000000014cea       0x3c Drivers/STM32F3xx_HAL_Driver/Src/stm32f3xx_hal.o
 .debug_macro   0x0000000000014d26       0x34 Drivers/STM32F3xx_HAL_Driver/Src/stm32f3xx_hal.o
 .debug_macro   0x0000000000014d5a       0x16 Drivers/STM32F3xx_HAL_Driver/Src/stm32f3xx_hal.o
 .debug_macro   0x0000000000014d70       0x97 Drivers/STM32F3xx_HAL_Driver/Src/stm32f3xx_hal.o
 .debug_macro   0x0000000000014e07      0x330 Drivers/STM32F3xx_HAL_Driver/Src/stm32f3xx_hal.o
 .debug_macro   0x0000000000015137       0xfd Drivers/STM32F3xx_HAL_Driver/Src/stm32f3xx_hal.o
 .debug_macro   0x0000000000015234       0x10 Drivers/STM32F3xx_HAL_Driver/Src/stm32f3xx_hal.o
 .debug_macro   0x0000000000015244       0x52 Drivers/STM32F3xx_HAL_Driver/Src/stm32f3xx_hal.o
 .debug_macro   0x0000000000015296       0x1f Drivers/STM32F3xx_HAL_Driver/Src/stm32f3xx_hal.o
 .debug_macro   0x00000000000152b5       0x43 Drivers/STM32F3xx_HAL_Driver/Src/stm32f3xx_hal.o
 .debug_macro   0x00000000000152f8       0x20 Drivers/STM32F3xx_HAL_Driver/Src/stm32f3xx_hal.o
 .debug_macro   0x0000000000015318      0x1a3 Drivers/STM32F3xx_HAL_Driver/Src/stm32f3xx_hal.o
 .debug_macro   0x00000000000154bb       0x10 Drivers/STM32F3xx_HAL_Driver/Src/stm32f3xx_hal.o
 .debug_macro   0x00000000000154cb       0x1c Drivers/STM32F3xx_HAL_Driver/Src/stm32f3xx_hal.o
 .debug_macro   0x00000000000154e7       0x52 Drivers/STM32F3xx_HAL_Driver/Src/stm32f3xx_hal.o
 .debug_macro   0x0000000000015539       0x40 Drivers/STM32F3xx_HAL_Driver/Src/stm32f3xx_hal.o
 .debug_macro   0x0000000000015579       0x10 Drivers/STM32F3xx_HAL_Driver/Src/stm32f3xx_hal.o
 .debug_macro   0x0000000000015589       0x40 Drivers/STM32F3xx_HAL_Driver/Src/stm32f3xx_hal.o
 .debug_macro   0x00000000000155c9       0xd7 Drivers/STM32F3xx_HAL_Driver/Src/stm32f3xx_hal.o
 .debug_macro   0x00000000000156a0       0x1c Drivers/STM32F3xx_HAL_Driver/Src/stm32f3xx_hal.o
 .debug_macro   0x00000000000156bc       0x3d Drivers/STM32F3xx_HAL_Driver/Src/stm32f3xx_hal.o
 .debug_macro   0x00000000000156f9       0x16 Drivers/STM32F3xx_HAL_Driver/Src/stm32f3xx_hal.o
 .debug_macro   0x000000000001570f      0x145 Drivers/STM32F3xx_HAL_Driver/Src/stm32f3xx_hal.o
 .debug_macro   0x0000000000015854       0x50 Drivers/STM32F3xx_HAL_Driver/Src/stm32f3xx_hal.o
 .debug_macro   0x00000000000158a4      0x968 Drivers/STM32F3xx_HAL_Driver/Src/stm32f3xx_hal.o
 .debug_macro   0x000000000001620c      0x5fe Drivers/STM32F3xx_HAL_Driver/Src/stm32f3xx_hal.o
 .debug_macro   0x000000000001680a      0x13a Drivers/STM32F3xx_HAL_Driver/Src/stm32f3xx_hal.o
 .debug_macro   0x0000000000016944      0x1fb Drivers/STM32F3xx_HAL_Driver/Src/stm32f3xx_hal.o
 .debug_macro   0x0000000000016b3f      0x1bc Drivers/STM32F3xx_HAL_Driver/Src/stm32f3xx_hal.o
 .debug_macro   0x0000000000016cfb       0x31 Drivers/STM32F3xx_HAL_Driver/Src/stm32f3xx_hal.o
 .debug_macro   0x0000000000016d2c       0x3c Drivers/STM32F3xx_HAL_Driver/Src/stm32f3xx_hal.o
 .debug_macro   0x0000000000016d68      0x23a Drivers/STM32F3xx_HAL_Driver/Src/stm32f3xx_hal.o
 .debug_macro   0x0000000000016fa2      0x9b8 Drivers/STM32F3xx_HAL_Driver/Src/stm32f3xx_hal.o
 .debug_macro   0x000000000001795a       0x77 Drivers/STM32F3xx_HAL_Driver/Src/stm32f3xx_hal.o
 .debug_macro   0x00000000000179d1       0x65 Drivers/STM32F3xx_HAL_Driver/Src/stm32f3xx_hal.o
 .debug_macro   0x0000000000017a36      0x58d Drivers/STM32F3xx_HAL_Driver/Src/stm32f3xx_hal.o
 .debug_macro   0x0000000000017fc3       0x12 Drivers/STM32F3xx_HAL_Driver/Src/stm32f3xx_hal.o
 .debug_macro   0x0000000000017fd5       0xcb Drivers/STM32F3xx_HAL_Driver/Src/stm32f3xx_hal.o
 .debug_macro   0x00000000000180a0      0x22b Drivers/STM32F3xx_HAL_Driver/Src/stm32f3xx_hal.o
 .debug_macro   0x00000000000182cb      0x209 Drivers/STM32F3xx_HAL_Driver/Src/stm32f3xx_hal.o
 .debug_macro   0x00000000000184d4       0x5b Drivers/STM32F3xx_HAL_Driver/Src/stm32f3xx_hal.o
 .debug_macro   0x000000000001852f       0x90 Drivers/STM32F3xx_HAL_Driver/Src/stm32f3xx_hal.o
 .debug_macro   0x00000000000185bf       0x28 Drivers/STM32F3xx_HAL_Driver/Src/stm32f3xx_hal.o
 .debug_macro   0x00000000000185e7      0x265 Drivers/STM32F3xx_HAL_Driver/Src/stm32f3xx_hal.o
 .debug_macro   0x000000000001884c       0x82 Drivers/STM32F3xx_HAL_Driver/Src/stm32f3xx_hal.o
 .debug_macro   0x00000000000188ce       0xd3 Drivers/STM32F3xx_HAL_Driver/Src/stm32f3xx_hal.o
 .debug_macro   0x00000000000189a1      0x6af Drivers/STM32F3xx_HAL_Driver/Src/stm32f3xx_hal.o
 .debug_macro   0x0000000000019050      0x38a Drivers/STM32F3xx_HAL_Driver/Src/stm32f3xx_hal.o
 .debug_macro   0x00000000000193da      0x277 Drivers/STM32F3xx_HAL_Driver/Src/stm32f3xx_hal.o
 .debug_macro   0x0000000000019651      0x374 Drivers/STM32F3xx_HAL_Driver/Src/stm32f3xx_hal_adc_ex.o
 .debug_macro   0x00000000000199c5      0x359 Drivers/STM32F3xx_HAL_Driver/Src/stm32f3xx_hal_comp.o
 .debug_macro   0x0000000000019d1e      0x34a Drivers/STM32F3xx_HAL_Driver/Src/stm32f3xx_hal_cortex.o